Archive member included because of file (symbol)

c:/program files (x86)/gnu tools arm embedded/4.8 2014q3/bin/../lib/gcc/arm-none-eabi/4.8.4/armv6-m\libgcc.a(_udivsi3.o)
                              ..\obj\stm32f0xx_rcc.o (__aeabi_uidiv)
c:/program files (x86)/gnu tools arm embedded/4.8 2014q3/bin/../lib/gcc/arm-none-eabi/4.8.4/armv6-m\libgcc.a(_divsi3.o)
                              ..\obj\amiv_util.o (__aeabi_idiv)
c:/program files (x86)/gnu tools arm embedded/4.8 2014q3/bin/../lib/gcc/arm-none-eabi/4.8.4/armv6-m\libgcc.a(_dvmd_tls.o)
                              c:/program files (x86)/gnu tools arm embedded/4.8 2014q3/bin/../lib/gcc/arm-none-eabi/4.8.4/armv6-m\libgcc.a(_udivsi3.o) (__aeabi_idiv0)
c:/program files (x86)/gnu tools arm embedded/4.8 2014q3/bin/../lib/gcc/arm-none-eabi/4.8.4/../../../../arm-none-eabi/lib/armv6-m\libg.a(lib_a-memcpy-stub.o)
                              ..\obj\amiv_button.o (memcpy)

Allocating common symbols
Common symbol       size              file

gButtonConfig       0x4d              ..\obj\amiv_button.o
gArray_p            0x310             ..\obj\amiv_button.o
gButtonState        0x1               ..\obj\amiv_button.o
AMIV_UART_Command   0x20              ..\obj\amiv_uart.o
AMIV_ADV7511_EDID   0x101             ..\obj\amiv_adv7511.o
gButton             0x1               ..\obj\amiv_button.o
gButtonCntPress     0x4               ..\obj\amiv_button.o
AMIV_UART_CommandCnt
                    0x1               ..\obj\amiv_uart.o

Discarded input sections

 .text          0x00000000        0x0 ..\obj\amiv_uart.o
 .data          0x00000000        0x0 ..\obj\amiv_uart.o
 .bss           0x00000000        0x0 ..\obj\amiv_uart.o
 .text          0x00000000        0x0 ..\obj\amiv_main.o
 .data          0x00000000        0x0 ..\obj\amiv_main.o
 .bss           0x00000000        0x0 ..\obj\amiv_main.o
 .text          0x00000000        0x0 ..\obj\stm32f0xx_rcc.o
 .bss           0x00000000        0x0 ..\obj\stm32f0xx_rcc.o
 .text.RCC_DeInit
                0x00000000       0x88 ..\obj\stm32f0xx_rcc.o
 .text.RCC_HSEConfig
                0x00000000       0x24 ..\obj\stm32f0xx_rcc.o
 .text.RCC_WaitForHSEStartUp
                0x00000000       0x60 ..\obj\stm32f0xx_rcc.o
 .text.RCC_AdjustHSICalibrationValue
                0x00000000       0x3c ..\obj\stm32f0xx_rcc.o
 .text.RCC_HSICmd
                0x00000000       0x38 ..\obj\stm32f0xx_rcc.o
 .text.RCC_AdjustHSI14CalibrationValue
                0x00000000       0x3c ..\obj\stm32f0xx_rcc.o
 .text.RCC_HSI14Cmd
                0x00000000       0x38 ..\obj\stm32f0xx_rcc.o
 .text.RCC_HSI14ADCRequestCmd
                0x00000000       0x38 ..\obj\stm32f0xx_rcc.o
 .text.RCC_LSEConfig
                0x00000000       0x38 ..\obj\stm32f0xx_rcc.o
 .text.RCC_LSEDriveConfig
                0x00000000       0x2c ..\obj\stm32f0xx_rcc.o
 .text.RCC_LSICmd
                0x00000000       0x38 ..\obj\stm32f0xx_rcc.o
 .text.RCC_PLLConfig
                0x00000000       0x34 ..\obj\stm32f0xx_rcc.o
 .text.RCC_PLLCmd
                0x00000000       0x40 ..\obj\stm32f0xx_rcc.o
 .text.RCC_PREDIV1Config
                0x00000000       0x34 ..\obj\stm32f0xx_rcc.o
 .text.RCC_ClockSecuritySystemCmd
                0x00000000       0x40 ..\obj\stm32f0xx_rcc.o
 .text.RCC_MCOConfig
                0x00000000       0x44 ..\obj\stm32f0xx_rcc.o
 .text.RCC_SYSCLKConfig
                0x00000000       0x34 ..\obj\stm32f0xx_rcc.o
 .text.RCC_GetSYSCLKSource
                0x00000000       0x1c ..\obj\stm32f0xx_rcc.o
 .text.RCC_HCLKConfig
                0x00000000       0x34 ..\obj\stm32f0xx_rcc.o
 .text.RCC_PCLKConfig
                0x00000000       0x38 ..\obj\stm32f0xx_rcc.o
 .text.RCC_ADCCLKConfig
                0x00000000       0x50 ..\obj\stm32f0xx_rcc.o
 .text.RCC_CECCLKConfig
                0x00000000       0x2c ..\obj\stm32f0xx_rcc.o
 .text.RCC_USARTCLKConfig
                0x00000000       0x2c ..\obj\stm32f0xx_rcc.o
 .text.RCC_RTCCLKConfig
                0x00000000       0x20 ..\obj\stm32f0xx_rcc.o
 .text.RCC_RTCCLKCmd
                0x00000000       0x40 ..\obj\stm32f0xx_rcc.o
 .text.RCC_BackupResetCmd
                0x00000000       0x40 ..\obj\stm32f0xx_rcc.o
 .text.RCC_AHBPeriphResetCmd
                0x00000000       0x3c ..\obj\stm32f0xx_rcc.o
 .text.RCC_APB2PeriphResetCmd
                0x00000000       0x3c ..\obj\stm32f0xx_rcc.o
 .text.RCC_APB1PeriphResetCmd
                0x00000000       0x3c ..\obj\stm32f0xx_rcc.o
 .text.RCC_ITConfig
                0x00000000       0x50 ..\obj\stm32f0xx_rcc.o
 .text.RCC_GetFlagStatus
                0x00000000       0x90 ..\obj\stm32f0xx_rcc.o
 .text.RCC_ClearFlag
                0x00000000       0x1c ..\obj\stm32f0xx_rcc.o
 .text.RCC_GetITStatus
                0x00000000       0x44 ..\obj\stm32f0xx_rcc.o
 .text.RCC_ClearITPendingBit
                0x00000000       0x20 ..\obj\stm32f0xx_rcc.o
 .text          0x00000000        0x0 ..\obj\amiv_cmd.o
 .data          0x00000000        0x0 ..\obj\amiv_cmd.o
 .text          0x00000000       0x14 ..\obj\startup_stm32f0xx.o
 .data          0x00000000        0x0 ..\obj\startup_stm32f0xx.o
 .bss           0x00000000        0x0 ..\obj\startup_stm32f0xx.o
 .text          0x00000000        0x0 ..\obj\amiv_flash.o
 .data          0x00000000        0x0 ..\obj\amiv_flash.o
 .bss           0x00000000        0x0 ..\obj\amiv_flash.o
 .text          0x00000000        0x0 ..\obj\stm32f0xx_i2c.o
 .data          0x00000000        0x0 ..\obj\stm32f0xx_i2c.o
 .bss           0x00000000        0x0 ..\obj\stm32f0xx_i2c.o
 .text.I2C_DeInit
                0x00000000       0x4c ..\obj\stm32f0xx_i2c.o
 .text.I2C_StructInit
                0x00000000       0x3c ..\obj\stm32f0xx_i2c.o
 .text.I2C_SoftwareResetCmd
                0x00000000       0x30 ..\obj\stm32f0xx_i2c.o
 .text.I2C_ITConfig
                0x00000000       0x38 ..\obj\stm32f0xx_i2c.o
 .text.I2C_StretchClockCmd
                0x00000000       0x3c ..\obj\stm32f0xx_i2c.o
 .text.I2C_StopModeCmd
                0x00000000       0x3c ..\obj\stm32f0xx_i2c.o
 .text.I2C_DualAddressCmd
                0x00000000       0x3c ..\obj\stm32f0xx_i2c.o
 .text.I2C_OwnAddress2Config
                0x00000000       0x50 ..\obj\stm32f0xx_i2c.o
 .text.I2C_GeneralCallCmd
                0x00000000       0x3c ..\obj\stm32f0xx_i2c.o
 .text.I2C_SlaveByteControlCmd
                0x00000000       0x3c ..\obj\stm32f0xx_i2c.o
 .text.I2C_SlaveAddressConfig
                0x00000000       0x3c ..\obj\stm32f0xx_i2c.o
 .text.I2C_10BitAddressingModeCmd
                0x00000000       0x3c ..\obj\stm32f0xx_i2c.o
 .text.I2C_AutoEndCmd
                0x00000000       0x3c ..\obj\stm32f0xx_i2c.o
 .text.I2C_ReloadCmd
                0x00000000       0x3c ..\obj\stm32f0xx_i2c.o
 .text.I2C_NumberOfBytesConfig
                0x00000000       0x44 ..\obj\stm32f0xx_i2c.o
 .text.I2C_MasterRequestConfig
                0x00000000       0x3c ..\obj\stm32f0xx_i2c.o
 .text.I2C_GenerateSTART
                0x00000000       0x3c ..\obj\stm32f0xx_i2c.o
 .text.I2C_GenerateSTOP
                0x00000000       0x3c ..\obj\stm32f0xx_i2c.o
 .text.I2C_10BitAddressHeaderCmd
                0x00000000       0x3c ..\obj\stm32f0xx_i2c.o
 .text.I2C_AcknowledgeConfig
                0x00000000       0x3c ..\obj\stm32f0xx_i2c.o
 .text.I2C_GetAddressMatched
                0x00000000       0x20 ..\obj\stm32f0xx_i2c.o
 .text.I2C_GetTransferDirection
                0x00000000       0x48 ..\obj\stm32f0xx_i2c.o
 .text.I2C_SMBusAlertCmd
                0x00000000       0x3c ..\obj\stm32f0xx_i2c.o
 .text.I2C_ClockTimeoutCmd
                0x00000000       0x3c ..\obj\stm32f0xx_i2c.o
 .text.I2C_ExtendedClockTimeoutCmd
                0x00000000       0x38 ..\obj\stm32f0xx_i2c.o
 .text.I2C_IdleClockTimeoutCmd
                0x00000000       0x3c ..\obj\stm32f0xx_i2c.o
 .text.I2C_TimeoutAConfig
                0x00000000       0x3c ..\obj\stm32f0xx_i2c.o
 .text.I2C_TimeoutBConfig
                0x00000000       0x44 ..\obj\stm32f0xx_i2c.o
 .text.I2C_CalculatePEC
                0x00000000       0x3c ..\obj\stm32f0xx_i2c.o
 .text.I2C_PECRequestCmd
                0x00000000       0x3c ..\obj\stm32f0xx_i2c.o
 .text.I2C_GetPEC
                0x00000000       0x18 ..\obj\stm32f0xx_i2c.o
 .text.I2C_ReadRegister
                0x00000000       0x2c ..\obj\stm32f0xx_i2c.o
 .text.I2C_DMACmd
                0x00000000       0x38 ..\obj\stm32f0xx_i2c.o
 .text.I2C_GetITStatus
                0x00000000       0x88 ..\obj\stm32f0xx_i2c.o
 .text.I2C_ClearITPendingBit
                0x00000000       0x18 ..\obj\stm32f0xx_i2c.o
 .text          0x00000000        0x0 ..\obj\system_stm32f0xx_temp.o
 .data          0x00000000       0x14 ..\obj\system_stm32f0xx_temp.o
 .bss           0x00000000        0x0 ..\obj\system_stm32f0xx_temp.o
 .text.SystemCoreClockUpdate1
                0x00000000       0xd0 ..\obj\system_stm32f0xx_temp.o
 .text          0x00000000        0x0 ..\obj\amiv_irq.o
 .data          0x00000000        0x0 ..\obj\amiv_irq.o
 .bss           0x00000000        0x0 ..\obj\amiv_irq.o
 .text          0x00000000        0x0 ..\obj\stm32f0xx_gpio.o
 .data          0x00000000        0x0 ..\obj\stm32f0xx_gpio.o
 .bss           0x00000000        0x0 ..\obj\stm32f0xx_gpio.o
 .text.GPIO_DeInit
                0x00000000       0xc8 ..\obj\stm32f0xx_gpio.o
 .text.GPIO_StructInit
                0x00000000       0x30 ..\obj\stm32f0xx_gpio.o
 .text.GPIO_PinLockConfig
                0x00000000       0x44 ..\obj\stm32f0xx_gpio.o
 .text.GPIO_ReadInputData
                0x00000000       0x18 ..\obj\stm32f0xx_gpio.o
 .text.GPIO_ReadOutputDataBit
                0x00000000       0x48 ..\obj\stm32f0xx_gpio.o
 .text.GPIO_ReadOutputData
                0x00000000       0x18 ..\obj\stm32f0xx_gpio.o
 .text.GPIO_WriteBit
                0x00000000       0x30 ..\obj\stm32f0xx_gpio.o
 .text.GPIO_Write
                0x00000000       0x1c ..\obj\stm32f0xx_gpio.o
 .text          0x00000000        0x0 ..\obj\amiv_ad9984a.o
 .data          0x00000000        0x0 ..\obj\amiv_ad9984a.o
 .bss           0x00000000        0x0 ..\obj\amiv_ad9984a.o
 .rodata        0x00000000       0x2c ..\obj\amiv_ad9984a.o
 .text          0x00000000        0x0 ..\obj\amiv_adv7511.o
 .bss           0x00000000        0x2 ..\obj\amiv_adv7511.o
 .text.AMIV_ADV7511_IncreaseVerticalSize
                0x00000000       0x30 ..\obj\amiv_adv7511.o
 .text.AMIV_ADV7511_DecreaseVerticalSize
                0x00000000       0x40 ..\obj\amiv_adv7511.o
 .text          0x00000000        0x0 ..\obj\stm32f0xx_usart.o
 .data          0x00000000        0x0 ..\obj\stm32f0xx_usart.o
 .bss           0x00000000        0x0 ..\obj\stm32f0xx_usart.o
 .text.USART_DeInit
                0x00000000       0x58 ..\obj\stm32f0xx_usart.o
 .text.USART_StructInit
                0x00000000       0x34 ..\obj\stm32f0xx_usart.o
 .text.USART_ClockInit
                0x00000000       0x48 ..\obj\stm32f0xx_usart.o
 .text.USART_ClockStructInit
                0x00000000       0x28 ..\obj\stm32f0xx_usart.o
 .text.USART_DirectionModeCmd
                0x00000000       0x38 ..\obj\stm32f0xx_usart.o
 .text.USART_OverSampling8Cmd
                0x00000000       0x3c ..\obj\stm32f0xx_usart.o
 .text.USART_OneBitMethodCmd
                0x00000000       0x3c ..\obj\stm32f0xx_usart.o
 .text.USART_MSBFirstCmd
                0x00000000       0x3c ..\obj\stm32f0xx_usart.o
 .text.USART_DataInvCmd
                0x00000000       0x3c ..\obj\stm32f0xx_usart.o
 .text.USART_InvPinCmd
                0x00000000       0x38 ..\obj\stm32f0xx_usart.o
 .text.USART_SWAPPinCmd
                0x00000000       0x3c ..\obj\stm32f0xx_usart.o
 .text.USART_ReceiverTimeOutCmd
                0x00000000       0x3c ..\obj\stm32f0xx_usart.o
 .text.USART_SetReceiverTimeOut
                0x00000000       0x28 ..\obj\stm32f0xx_usart.o
 .text.USART_SetPrescaler
                0x00000000       0x38 ..\obj\stm32f0xx_usart.o
 .text.USART_STOPModeCmd
                0x00000000       0x3c ..\obj\stm32f0xx_usart.o
 .text.USART_StopModeWakeUpSourceConfig
                0x00000000       0x2c ..\obj\stm32f0xx_usart.o
 .text.USART_AutoBaudRateCmd
                0x00000000       0x3c ..\obj\stm32f0xx_usart.o
 .text.USART_AutoBaudRateConfig
                0x00000000       0x2c ..\obj\stm32f0xx_usart.o
 .text.USART_SetAddress
                0x00000000       0x30 ..\obj\stm32f0xx_usart.o
 .text.USART_MuteModeCmd
                0x00000000       0x3c ..\obj\stm32f0xx_usart.o
 .text.USART_MuteModeWakeUpConfig
                0x00000000       0x2c ..\obj\stm32f0xx_usart.o
 .text.USART_AddressDetectionConfig
                0x00000000       0x2c ..\obj\stm32f0xx_usart.o
 .text.USART_LINBreakDetectLengthConfig
                0x00000000       0x2c ..\obj\stm32f0xx_usart.o
 .text.USART_LINCmd
                0x00000000       0x3c ..\obj\stm32f0xx_usart.o
 .text.USART_HalfDuplexCmd
                0x00000000       0x3c ..\obj\stm32f0xx_usart.o
 .text.USART_SetGuardTime
                0x00000000       0x3c ..\obj\stm32f0xx_usart.o
 .text.USART_SmartCardCmd
                0x00000000       0x3c ..\obj\stm32f0xx_usart.o
 .text.USART_SmartCardNACKCmd
                0x00000000       0x3c ..\obj\stm32f0xx_usart.o
 .text.USART_SetAutoRetryCount
                0x00000000       0x34 ..\obj\stm32f0xx_usart.o
 .text.USART_SetBlockLength
                0x00000000       0x30 ..\obj\stm32f0xx_usart.o
 .text.USART_IrDAConfig
                0x00000000       0x2c ..\obj\stm32f0xx_usart.o
 .text.USART_IrDACmd
                0x00000000       0x3c ..\obj\stm32f0xx_usart.o
 .text.USART_DECmd
                0x00000000       0x3c ..\obj\stm32f0xx_usart.o
 .text.USART_DEPolarityConfig
                0x00000000       0x2c ..\obj\stm32f0xx_usart.o
 .text.USART_SetDEAssertionTime
                0x00000000       0x30 ..\obj\stm32f0xx_usart.o
 .text.USART_SetDEDeassertionTime
                0x00000000       0x30 ..\obj\stm32f0xx_usart.o
 .text.USART_DMACmd
                0x00000000       0x38 ..\obj\stm32f0xx_usart.o
 .text.USART_DMAReceptionErrorConfig
                0x00000000       0x2c ..\obj\stm32f0xx_usart.o
 .text.USART_RequestCmd
                0x00000000       0x48 ..\obj\stm32f0xx_usart.o
 .text.USART_OverrunDetectionConfig
                0x00000000       0x2c ..\obj\stm32f0xx_usart.o
 .text.USART_ClearFlag
                0x00000000       0x18 ..\obj\stm32f0xx_usart.o
 .text.USART_ClearITPendingBit
                0x00000000       0x30 ..\obj\stm32f0xx_usart.o
 .text          0x00000000        0x0 ..\obj\amiv_i2c.o
 .text          0x00000000        0x0 ..\obj\amiv_button.o
 .data          0x00000000        0x0 ..\obj\amiv_button.o
 .bss           0x00000000        0x0 ..\obj\amiv_button.o
 .text          0x00000000        0x0 ..\obj\stm32f0xx_flash.o
 .data          0x00000000        0x0 ..\obj\stm32f0xx_flash.o
 .bss           0x00000000        0x0 ..\obj\stm32f0xx_flash.o
 .text.FLASH_SetLatency
                0x00000000       0x34 ..\obj\stm32f0xx_flash.o
 .text.FLASH_PrefetchBufferCmd
                0x00000000       0x38 ..\obj\stm32f0xx_flash.o
 .text.FLASH_GetPrefetchBufferStatus
                0x00000000       0x34 ..\obj\stm32f0xx_flash.o
 .text.FLASH_EraseAllPages
                0x00000000       0x68 ..\obj\stm32f0xx_flash.o
 .text.FLASH_ProgramHalfWord
                0x00000000       0x78 ..\obj\stm32f0xx_flash.o
 .text.FLASH_OB_Unlock
                0x00000000       0x2c ..\obj\stm32f0xx_flash.o
 .text.FLASH_OB_Lock
                0x00000000       0x1c ..\obj\stm32f0xx_flash.o
 .text.FLASH_OB_Launch
                0x00000000       0x1c ..\obj\stm32f0xx_flash.o
 .text.FLASH_OB_Erase
                0x00000000       0xd8 ..\obj\stm32f0xx_flash.o
 .text.FLASH_OB_EnableWRP
                0x00000000       0xf4 ..\obj\stm32f0xx_flash.o
 .text.FLASH_OB_RDPConfig
                0x00000000       0xdc ..\obj\stm32f0xx_flash.o
 .text.FLASH_OB_UserConfig
                0x00000000       0xa0 ..\obj\stm32f0xx_flash.o
 .text.FLASH_OB_BOOTConfig
                0x00000000       0x8c ..\obj\stm32f0xx_flash.o
 .text.FLASH_OB_VDDAConfig
                0x00000000       0x8c ..\obj\stm32f0xx_flash.o
 .text.FLASH_OB_SRAMParityConfig
                0x00000000       0x8c ..\obj\stm32f0xx_flash.o
 .text.FLASH_OB_WriteUser
                0x00000000       0x8c ..\obj\stm32f0xx_flash.o
 .text.FLASH_OB_ProgramData
                0x00000000       0x84 ..\obj\stm32f0xx_flash.o
 .text.FLASH_OB_GetUser
                0x00000000       0x18 ..\obj\stm32f0xx_flash.o
 .text.FLASH_OB_GetWRP
                0x00000000       0x14 ..\obj\stm32f0xx_flash.o
 .text.FLASH_OB_GetRDP
                0x00000000       0x38 ..\obj\stm32f0xx_flash.o
 .text.FLASH_ITConfig
                0x00000000       0x3c ..\obj\stm32f0xx_flash.o
 .text.FLASH_GetFlagStatus
                0x00000000       0x40 ..\obj\stm32f0xx_flash.o
 .text          0x00000000        0x0 ..\obj\stm32f0xx_exti.o
 .data          0x00000000        0x0 ..\obj\stm32f0xx_exti.o
 .bss           0x00000000        0x0 ..\obj\stm32f0xx_exti.o
 .text.EXTI_DeInit
                0x00000000       0x34 ..\obj\stm32f0xx_exti.o
 .text.EXTI_StructInit
                0x00000000       0x28 ..\obj\stm32f0xx_exti.o
 .text.EXTI_GenerateSWInterrupt
                0x00000000       0x20 ..\obj\stm32f0xx_exti.o
 .text.EXTI_GetFlagStatus
                0x00000000       0x40 ..\obj\stm32f0xx_exti.o
 .text.EXTI_ClearFlag
                0x00000000       0x18 ..\obj\stm32f0xx_exti.o
 .text          0x00000000        0x0 ..\obj\stm32f0xx_syscfg.o
 .data          0x00000000        0x0 ..\obj\stm32f0xx_syscfg.o
 .bss           0x00000000        0x0 ..\obj\stm32f0xx_syscfg.o
 .text.SYSCFG_DeInit
                0x00000000       0x40 ..\obj\stm32f0xx_syscfg.o
 .text.SYSCFG_MemoryRemapConfig
                0x00000000       0x34 ..\obj\stm32f0xx_syscfg.o
 .text.SYSCFG_DMAChannelRemapConfig
                0x00000000       0x3c ..\obj\stm32f0xx_syscfg.o
 .text.SYSCFG_I2CFastModePlusConfig
                0x00000000       0x3c ..\obj\stm32f0xx_syscfg.o
 .text.SYSCFG_BreakConfig
                0x00000000       0x20 ..\obj\stm32f0xx_syscfg.o
 .text.SYSCFG_GetFlagStatus
                0x00000000       0x40 ..\obj\stm32f0xx_syscfg.o
 .text.SYSCFG_ClearFlag
                0x00000000       0x20 ..\obj\stm32f0xx_syscfg.o
 .text          0x00000000        0x0 ..\obj\amiv_util.o
 .data          0x00000000        0x0 ..\obj\amiv_util.o
 .text          0x00000000        0x0 ..\obj\amiv_config.o
 .data          0x00000000        0x0 ..\obj\amiv_config.o
 .bss           0x00000000        0x0 ..\obj\amiv_config.o
 .text          0x00000000        0x0 ..\obj\stm32f0xx_misc.o
 .data          0x00000000        0x0 ..\obj\stm32f0xx_misc.o
 .bss           0x00000000        0x0 ..\obj\stm32f0xx_misc.o
 .text.NVIC_SystemLPConfig
                0x00000000       0x44 ..\obj\stm32f0xx_misc.o
 .text.SysTick_CLKSourceConfig
                0x00000000       0x34 ..\obj\stm32f0xx_misc.o
 .data          0x00000000        0x0 c:/program files (x86)/gnu tools arm embedded/4.8 2014q3/bin/../lib/gcc/arm-none-eabi/4.8.4/armv6-m\libgcc.a(_udivsi3.o)
 .bss           0x00000000        0x0 c:/program files (x86)/gnu tools arm embedded/4.8 2014q3/bin/../lib/gcc/arm-none-eabi/4.8.4/armv6-m\libgcc.a(_udivsi3.o)
 .data          0x00000000        0x0 c:/program files (x86)/gnu tools arm embedded/4.8 2014q3/bin/../lib/gcc/arm-none-eabi/4.8.4/armv6-m\libgcc.a(_divsi3.o)
 .bss           0x00000000        0x0 c:/program files (x86)/gnu tools arm embedded/4.8 2014q3/bin/../lib/gcc/arm-none-eabi/4.8.4/armv6-m\libgcc.a(_divsi3.o)
 .data          0x00000000        0x0 c:/program files (x86)/gnu tools arm embedded/4.8 2014q3/bin/../lib/gcc/arm-none-eabi/4.8.4/armv6-m\libgcc.a(_dvmd_tls.o)
 .bss           0x00000000        0x0 c:/program files (x86)/gnu tools arm embedded/4.8 2014q3/bin/../lib/gcc/arm-none-eabi/4.8.4/armv6-m\libgcc.a(_dvmd_tls.o)
 .text          0x00000000        0x0 c:/program files (x86)/gnu tools arm embedded/4.8 2014q3/bin/../lib/gcc/arm-none-eabi/4.8.4/../../../../arm-none-eabi/lib/armv6-m\libg.a(lib_a-memcpy-stub.o)
 .data          0x00000000        0x0 c:/program files (x86)/gnu tools arm embedded/4.8 2014q3/bin/../lib/gcc/arm-none-eabi/4.8.4/../../../../arm-none-eabi/lib/armv6-m\libg.a(lib_a-memcpy-stub.o)
 .bss           0x00000000        0x0 c:/program files (x86)/gnu tools arm embedded/4.8 2014q3/bin/../lib/gcc/arm-none-eabi/4.8.4/../../../../arm-none-eabi/lib/armv6-m\libg.a(lib_a-memcpy-stub.o)

Memory Configuration

Name             Origin             Length             Attributes
rom              0x08000000         0x00007000         xr
ram              0x20000000         0x00001000         xrw
*default*        0x00000000         0xffffffff

Linker script and memory map

                0x20001000                _eram = 0x20001000

.text           0x08000000     0x4c38
 *(.isr_vector)
 .isr_vector    0x08000000       0xc4 ..\obj\startup_stm32f0xx.o
                0x08000000                g_pfnVectors
 *(.text*)
 .text.AMIV_UART_Init
                0x080000c4       0x8c ..\obj\amiv_uart.o
                0x080000c4                AMIV_UART_Init
 .text.AMIV_UART_SendChar
                0x08000150       0x38 ..\obj\amiv_uart.o
                0x08000150                AMIV_UART_SendChar
 .text.AMIV_UART_SendString
                0x08000188       0x44 ..\obj\amiv_uart.o
                0x08000188                AMIV_UART_SendString
 .text.AMIV_UART_ResetStatus
                0x080001cc       0x20 ..\obj\amiv_uart.o
                0x080001cc                AMIV_UART_ResetStatus
 .text.AMIV_UART_ReadByte
                0x080001ec       0x1c ..\obj\amiv_uart.o
                0x080001ec                AMIV_UART_ReadByte
 .text.main     0x08000208      0x294 ..\obj\amiv_main.o
                0x08000208                main
 .text.RCC_I2CCLKConfig
                0x0800049c       0x2c ..\obj\stm32f0xx_rcc.o
                0x0800049c                RCC_I2CCLKConfig
 .text.RCC_GetClocksFreq
                0x080004c8      0x1cc ..\obj\stm32f0xx_rcc.o
                0x080004c8                RCC_GetClocksFreq
 .text.RCC_AHBPeriphClockCmd
                0x08000694       0x3c ..\obj\stm32f0xx_rcc.o
                0x08000694                RCC_AHBPeriphClockCmd
 .text.RCC_APB2PeriphClockCmd
                0x080006d0       0x3c ..\obj\stm32f0xx_rcc.o
                0x080006d0                RCC_APB2PeriphClockCmd
 .text.RCC_APB1PeriphClockCmd
                0x0800070c       0x3c ..\obj\stm32f0xx_rcc.o
                0x0800070c                RCC_APB1PeriphClockCmd
 .text.NVIC_SystemReset
                0x08000748       0x1c ..\obj\amiv_cmd.o
 .text.AMIV_CMD_ExecuteCommand
                0x08000764      0x8a0 ..\obj\amiv_cmd.o
                0x08000764                AMIV_CMD_ExecuteCommand
 .text.Reset_Handler
                0x08001004       0x4c ..\obj\startup_stm32f0xx.o
                0x08001004                Reset_Handler
 .text.Default_Handler
                0x08001050        0x2 ..\obj\startup_stm32f0xx.o
                0x08001050                TIM1_CC_IRQHandler
                0x08001050                HardFault_Handler
                0x08001050                ADC1_COMP_IRQHandler
                0x08001050                SysTick_Handler
                0x08001050                PVD_IRQHandler
                0x08001050                PendSV_Handler
                0x08001050                NMI_Handler
                0x08001050                I2C1_IRQHandler
                0x08001050                SPI1_IRQHandler
                0x08001050                TIM6_DAC_IRQHandler
                0x08001050                EXTI2_3_IRQHandler
                0x08001050                I2C2_IRQHandler
                0x08001050                TIM17_IRQHandler
                0x08001050                RTC_IRQHandler
                0x08001050                TIM16_IRQHandler
                0x08001050                TIM3_IRQHandler
                0x08001050                RCC_IRQHandler
                0x08001050                DMA1_Channel1_IRQHandler
                0x08001050                Default_Handler
                0x08001050                CEC_IRQHandler
                0x08001050                TIM14_IRQHandler
                0x08001050                DMA1_Channel4_5_IRQHandler
                0x08001050                TIM15_IRQHandler
                0x08001050                EXTI0_1_IRQHandler
                0x08001050                SPI2_IRQHandler
                0x08001050                SVC_Handler
                0x08001050                TS_IRQHandler
                0x08001050                WWDG_IRQHandler
                0x08001050                TIM2_IRQHandler
                0x08001050                DMA1_Channel2_3_IRQHandler
                0x08001050                USART2_IRQHandler
                0x08001050                FLASH_IRQHandler
                0x08001050                TIM1_BRK_UP_TRG_COM_IRQHandler
 *fill*         0x08001052        0x2 
 .text.PageToAddress
                0x08001054       0x68 ..\obj\amiv_flash.o
 .text.AMIV_FLASH_Init
                0x080010bc        0x8 ..\obj\amiv_flash.o
                0x080010bc                AMIV_FLASH_Init
 .text.AMIV_FLASH_Erase
                0x080010c4       0x78 ..\obj\amiv_flash.o
                0x080010c4                AMIV_FLASH_Erase
 .text.AMIV_FLASH_Read
                0x0800113c       0x34 ..\obj\amiv_flash.o
                0x0800113c                AMIV_FLASH_Read
 .text.AMIV_FLASH_Write
                0x08001170       0x60 ..\obj\amiv_flash.o
                0x08001170                AMIV_FLASH_Write
 .text.AMIV_FLASH_ButtonConfigPresent
                0x080011d0       0x2c ..\obj\amiv_flash.o
                0x080011d0                AMIV_FLASH_ButtonConfigPresent
 .text.AMIV_FLASH_GeneralConfigPresent
                0x080011fc       0x20 ..\obj\amiv_flash.o
                0x080011fc                AMIV_FLASH_GeneralConfigPresent
 .text.AMIV_FLASH_ReadGeneralConfig
                0x0800121c       0x4c ..\obj\amiv_flash.o
                0x0800121c                AMIV_FLASH_ReadGeneralConfig
 .text.AMIV_FLASH_WriteGeneralConfig
                0x08001268       0xdc ..\obj\amiv_flash.o
                0x08001268                AMIV_FLASH_WriteGeneralConfig
 .text.AMIV_FLASH_ReadButtonConfig
                0x08001344       0x30 ..\obj\amiv_flash.o
                0x08001344                AMIV_FLASH_ReadButtonConfig
 .text.AMIV_FLASH_WriteButtonConfig
                0x08001374       0x60 ..\obj\amiv_flash.o
                0x08001374                AMIV_FLASH_WriteButtonConfig
 .text.I2C_Init
                0x080013d4       0xd0 ..\obj\stm32f0xx_i2c.o
                0x080013d4                I2C_Init
 .text.I2C_Cmd  0x080014a4       0x3c ..\obj\stm32f0xx_i2c.o
                0x080014a4                I2C_Cmd
 .text.I2C_TransferHandling
                0x080014e0       0x60 ..\obj\stm32f0xx_i2c.o
                0x080014e0                I2C_TransferHandling
 .text.I2C_SendData
                0x08001540       0x1c ..\obj\stm32f0xx_i2c.o
                0x08001540                I2C_SendData
 .text.I2C_ReceiveData
                0x0800155c       0x18 ..\obj\stm32f0xx_i2c.o
                0x0800155c                I2C_ReceiveData
 .text.I2C_GetFlagStatus
                0x08001574       0x4c ..\obj\stm32f0xx_i2c.o
                0x08001574                I2C_GetFlagStatus
 .text.I2C_ClearFlag
                0x080015c0       0x18 ..\obj\stm32f0xx_i2c.o
                0x080015c0                I2C_ClearFlag
 .text.SystemInit1
                0x080015d8       0x8c ..\obj\system_stm32f0xx_temp.o
                0x080015d8                SystemInit
                0x080015d8                SystemInit1
 .text.SetSysClock1
                0x08001664       0xe0 ..\obj\system_stm32f0xx_temp.o
                0x08001664                SetSysClock
 .text.EXTI4_15_IRQHandler
                0x08001744      0x164 ..\obj\amiv_irq.o
                0x08001744                EXTI4_15_IRQHandler
 .text.USART1_IRQHandler
                0x080018a8       0x98 ..\obj\amiv_irq.o
                0x080018a8                USART1_IRQHandler
 .text.AMIV_IRQ_Init
                0x08001940      0x100 ..\obj\amiv_irq.o
                0x08001940                AMIV_IRQ_Init
 .text.AMIV_IRQ_USART1_Enable
                0x08001a40       0x28 ..\obj\amiv_irq.o
                0x08001a40                AMIV_IRQ_USART1_Enable
 .text.GPIO_Init
                0x08001a68      0x138 ..\obj\stm32f0xx_gpio.o
                0x08001a68                GPIO_Init
 .text.GPIO_ReadInputDataBit
                0x08001ba0       0x48 ..\obj\stm32f0xx_gpio.o
                0x08001ba0                GPIO_ReadInputDataBit
 .text.GPIO_SetBits
                0x08001be8       0x1c ..\obj\stm32f0xx_gpio.o
                0x08001be8                GPIO_SetBits
 .text.GPIO_ResetBits
                0x08001c04       0x1c ..\obj\stm32f0xx_gpio.o
                0x08001c04                GPIO_ResetBits
 .text.GPIO_PinAFConfig
                0x08001c20       0x9c ..\obj\stm32f0xx_gpio.o
                0x08001c20                GPIO_PinAFConfig
 .text.AMIV_AD9984A_Init
                0x08001cbc      0x1ac ..\obj\amiv_ad9984a.o
                0x08001cbc                AMIV_AD9984A_Init
 .text.AMIV_ADV7511_Init
                0x08001e68       0x18 ..\obj\amiv_adv7511.o
                0x08001e68                AMIV_ADV7511_Init
 .text.AMIV_ADV7511_PowerUp
                0x08001e80      0x16c ..\obj\amiv_adv7511.o
                0x08001e80                AMIV_ADV7511_PowerUp
 .text.AMIV_ADV7511_ReadEDID
                0x08001fec       0x68 ..\obj\amiv_adv7511.o
                0x08001fec                AMIV_ADV7511_ReadEDID
 .text.AMIV_ADV7511_GetEDIDPointer
                0x08002054       0x10 ..\obj\amiv_adv7511.o
                0x08002054                AMIV_ADV7511_GetEDIDPointer
 .text.USART_Init
                0x08002064      0x160 ..\obj\stm32f0xx_usart.o
                0x08002064                USART_Init
 .text.USART_Cmd
                0x080021c4       0x3c ..\obj\stm32f0xx_usart.o
                0x080021c4                USART_Cmd
 .text.USART_SendData
                0x08002200       0x24 ..\obj\stm32f0xx_usart.o
                0x08002200                USART_SendData
 .text.USART_ReceiveData
                0x08002224       0x1c ..\obj\stm32f0xx_usart.o
                0x08002224                USART_ReceiveData
 .text.USART_ITConfig
                0x08002240       0x84 ..\obj\stm32f0xx_usart.o
                0x08002240                USART_ITConfig
 .text.USART_GetFlagStatus
                0x080022c4       0x3c ..\obj\stm32f0xx_usart.o
                0x080022c4                USART_GetFlagStatus
 .text.USART_GetITStatus
                0x08002300       0xb4 ..\obj\stm32f0xx_usart.o
                0x08002300                USART_GetITStatus
 .text.AMIV_I2C_GetSlaveAddress
                0x080023b4       0x40 ..\obj\amiv_i2c.o
 .text.AMIV_I2C_Init
                0x080023f4       0x6c ..\obj\amiv_i2c.o
                0x080023f4                AMIV_I2C_Init
 .text.AMIV_I2C_WR_Reg
                0x08002460       0xf0 ..\obj\amiv_i2c.o
                0x08002460                AMIV_I2C_WR_Reg
 .text.AMIV_I2C_RD_Reg
                0x08002550       0xf4 ..\obj\amiv_i2c.o
                0x08002550                AMIV_I2C_RD_Reg
 .text.AMIV_I2C_RMW_Reg
                0x08002644       0x48 ..\obj\amiv_i2c.o
                0x08002644                AMIV_I2C_RMW_Reg
 .text.AMIV_I2C_ChangeSlave
                0x0800268c       0x20 ..\obj\amiv_i2c.o
                0x0800268c                AMIV_I2C_ChangeSlave
 .text.AMIV_I2C_GetActiveSlave
                0x080026ac       0x20 ..\obj\amiv_i2c.o
                0x080026ac                AMIV_I2C_GetActiveSlave
 .text.NVIC_SystemReset
                0x080026cc       0x1c ..\obj\amiv_button.o
 .text.SaveGeneralConfig
                0x080026e8      0x124 ..\obj\amiv_button.o
 .text.Reset    0x0800280c       0x98 ..\obj\amiv_button.o
 .text.Scroll   0x080028a4      0x100 ..\obj\amiv_button.o
 .text.ExeciteButtonFunction
                0x080029a4      0x1e8 ..\obj\amiv_button.o
 .text.ExecuteButtonFunctionShortPress
                0x08002b8c       0x30 ..\obj\amiv_button.o
 .text.ExecuteButtonFunctionLongPress
                0x08002bbc       0x30 ..\obj\amiv_button.o
 .text.Scan     0x08002bec       0xa8 ..\obj\amiv_button.o
 .text.AMIV_BUTTON_Init
                0x08002c94      0x164 ..\obj\amiv_button.o
                0x08002c94                AMIV_BUTTON_Init
 .text.AMIV_BUTTON_SaveGeneralConfig
                0x08002df8       0x10 ..\obj\amiv_button.o
                0x08002df8                AMIV_BUTTON_SaveGeneralConfig
 .text.AMIV_BUTTON_ConfigureButton
                0x08002e08       0x44 ..\obj\amiv_button.o
                0x08002e08                AMIV_BUTTON_ConfigureButton
 .text.AMIV_BUTTON_FSM
                0x08002e4c      0x10c ..\obj\amiv_button.o
                0x08002e4c                AMIV_BUTTON_FSM
 .text.FLASH_Unlock
                0x08002f58       0x2c ..\obj\stm32f0xx_flash.o
                0x08002f58                FLASH_Unlock
 .text.FLASH_Lock
                0x08002f84       0x18 ..\obj\stm32f0xx_flash.o
                0x08002f84                FLASH_Lock
 .text.FLASH_ErasePage
                0x08002f9c       0x7c ..\obj\stm32f0xx_flash.o
                0x08002f9c                FLASH_ErasePage
 .text.FLASH_ProgramWord
                0x08003018       0xb0 ..\obj\stm32f0xx_flash.o
                0x08003018                FLASH_ProgramWord
 .text.FLASH_ClearFlag
                0x080030c8       0x18 ..\obj\stm32f0xx_flash.o
                0x080030c8                FLASH_ClearFlag
 .text.FLASH_GetStatus
                0x080030e0       0x58 ..\obj\stm32f0xx_flash.o
                0x080030e0                FLASH_GetStatus
 .text.FLASH_WaitForLastOperation
                0x08003138       0x5c ..\obj\stm32f0xx_flash.o
                0x08003138                FLASH_WaitForLastOperation
 .text.EXTI_Init
                0x08003194       0xd8 ..\obj\stm32f0xx_exti.o
                0x08003194                EXTI_Init
 .text.EXTI_GetITStatus
                0x0800326c       0x40 ..\obj\stm32f0xx_exti.o
                0x0800326c                EXTI_GetITStatus
 .text.EXTI_ClearITPendingBit
                0x080032ac       0x18 ..\obj\stm32f0xx_exti.o
                0x080032ac                EXTI_ClearITPendingBit
 .text.SYSCFG_EXTILineConfig
                0x080032c4       0x90 ..\obj\stm32f0xx_syscfg.o
                0x080032c4                SYSCFG_EXTILineConfig
 .text.AMIV_UTIL_strlen
                0x08003354       0x38 ..\obj\amiv_util.o
                0x08003354                AMIV_UTIL_strlen
 .text.AMIV_UTIL_itoa
                0x0800338c       0x94 ..\obj\amiv_util.o
                0x0800338c                AMIV_UTIL_itoa
 .text.AMIV_UTIL_itoahex
                0x08003420       0x80 ..\obj\amiv_util.o
                0x08003420                AMIV_UTIL_itoahex
 .text.AMIV_UTIL_atoi
                0x080034a0       0x3c ..\obj\amiv_util.o
                0x080034a0                AMIV_UTIL_atoi
 .text.AMIV_UTIL_atox
                0x080034dc       0x70 ..\obj\amiv_util.o
                0x080034dc                AMIV_UTIL_atox
 .text.AMIV_UTIL_memset
                0x0800354c       0x3c ..\obj\amiv_util.o
                0x0800354c                AMIV_UTIL_memset
 .text.AMIV_CONFIG_Init
                0x08003588        0x8 ..\obj\amiv_config.o
                0x08003588                AMIV_CONFIG_Init
 .text.AMIV_CONFIG_I2C
                0x08003590       0x58 ..\obj\amiv_config.o
                0x08003590                AMIV_CONFIG_I2C
 .text.AMIV_CONFIG_UART
                0x080035e8       0x54 ..\obj\amiv_config.o
                0x080035e8                AMIV_CONFIG_UART
 .text.AMIV_CONFIG_GPIO
                0x0800363c       0xc0 ..\obj\amiv_config.o
                0x0800363c                AMIV_CONFIG_GPIO
 .text.AMIV_CONFIG_LED
                0x080036fc       0x3c ..\obj\amiv_config.o
                0x080036fc                AMIV_CONFIG_LED
 .text.NVIC_Init
                0x08003738       0xac ..\obj\stm32f0xx_misc.o
                0x08003738                NVIC_Init
 .text          0x080037e4       0x9c c:/program files (x86)/gnu tools arm embedded/4.8 2014q3/bin/../lib/gcc/arm-none-eabi/4.8.4/armv6-m\libgcc.a(_udivsi3.o)
                0x080037e4                __aeabi_uidiv
                0x080037e4                __udivsi3
                0x0800386c                __aeabi_uidivmod
 .text          0x08003880       0xc0 c:/program files (x86)/gnu tools arm embedded/4.8 2014q3/bin/../lib/gcc/arm-none-eabi/4.8.4/armv6-m\libgcc.a(_divsi3.o)
                0x08003880                __divsi3
                0x08003880                __aeabi_idiv
                0x0800392c                __aeabi_idivmod
 .text          0x08003940        0x4 c:/program files (x86)/gnu tools arm embedded/4.8 2014q3/bin/../lib/gcc/arm-none-eabi/4.8.4/armv6-m\libgcc.a(_dvmd_tls.o)
                0x08003940                __aeabi_idiv0
                0x08003940                __aeabi_ldiv0
 .text.memcpy   0x08003944       0x84 c:/program files (x86)/gnu tools arm embedded/4.8 2014q3/bin/../lib/gcc/arm-none-eabi/4.8.4/../../../../arm-none-eabi/lib/armv6-m\libg.a(lib_a-memcpy-stub.o)
                0x08003944                memcpy
 *(.init)
 *(.fini)
 *crtbegin.o(.ctors)
 *crtbegin?.o(.ctors)
 *(EXCLUDE_FILE(*crtend.o *crtend?.o) .ctors)
 *(SORT(.ctors.*))
 *(.ctors)
 *crtbegin.o(.dtors)
 *crtbegin?.o(.dtors)
 *(EXCLUDE_FILE(*crtend.o *crtend?.o) .dtors)
 *(SORT(.dtors.*))
 *(.dtors)
 *(.rodata*)
 .rodata        0x080039c8      0x1b4 ..\obj\amiv_main.o
 .rodata        0x08003b7c      0xba4 ..\obj\amiv_cmd.o
 .rodata        0x08004720       0x68 ..\obj\amiv_flash.o
 .rodata        0x08004788      0x170 ..\obj\amiv_irq.o
 .rodata        0x080048f8      0x18c ..\obj\amiv_adv7511.o
 .rodata        0x08004a84       0x3c ..\obj\amiv_i2c.o
 .rodata        0x08004ac0      0x164 ..\obj\amiv_button.o
 .rodata        0x08004c24       0x14 ..\obj\amiv_util.o
 *(.eh_fram e*)

.glue_7         0x08004c38        0x0
 .glue_7        0x00000000        0x0 linker stubs

.glue_7t        0x08004c38        0x0
 .glue_7t       0x00000000        0x0 linker stubs

.vfp11_veneer   0x08004c38        0x0
 .vfp11_veneer  0x00000000        0x0 linker stubs

.v4_bx          0x08004c38        0x0
 .v4_bx         0x00000000        0x0 linker stubs

.iplt           0x08004c38        0x0
 .iplt          0x00000000        0x0 ..\obj\amiv_uart.o

.rel.dyn        0x08004c38        0x0
 .rel.iplt      0x00000000        0x0 ..\obj\amiv_uart.o

.ARM.extab
 *(.ARM.extab* .gnu.linkonce.armextab.*)
                0x08004c38                __exidx_start = .

.ARM.exidx
 *(.ARM.exidx* .gnu.linkonce.armexidx.*)
                0x08004c38                __exidx_end = .
                0x08004c38                __etext = .
                0x08004c38                _sidata = __etext

.data           0x20000000       0x44 load address 0x08004c38
                0x20000000                __data_start__ = .
                0x20000000                _sdata = __data_start__
 *(vtable)
 *(.data*)
 .data          0x20000000       0x10 ..\obj\stm32f0xx_rcc.o
 .data          0x20000010       0x20 ..\obj\amiv_adv7511.o
                0x20000010                AMIV_ADV7511_ErrorStrings
 .data          0x20000030       0x14 ..\obj\amiv_i2c.o
                0x20000030                SlaveString
                0x20000044                . = ALIGN (0x4)
                0x20000044                PROVIDE (__preinit_array_start, .)
 *(.preinit_array)
                0x20000044                PROVIDE (__preinit_array_end, .)
                0x20000044                . = ALIGN (0x4)
                0x20000044                PROVIDE (__init_array_start, .)
 *(SORT(.init_array.*))
 *(.init_array)
                0x20000044                PROVIDE (__init_array_end, .)
                0x20000044                . = ALIGN (0x4)
                0x20000044                PROVIDE (__fini_array_start, .)
 *(SORT(.fini_array.*))
 *(.fini_array)
                0x20000044                PROVIDE (__fini_array_end, .)
 *(.jcr*)
                0x20000044                . = ALIGN (0x4)
                0x20000044                __data_end__ = .
                0x20000044                _edata = __data_end__

.igot.plt       0x20000044        0x0 load address 0x08004c7c
 .igot.plt      0x00000000        0x0 ..\obj\amiv_uart.o

.bss            0x20000044      0x4cc load address 0x08004c7c
                0x20000044                . = ALIGN (0x4)
                0x20000044                __bss_start__ = .
                0x20000044                _sbss = __bss_start__
 *(.bss*)
 .bss           0x20000044        0x8 ..\obj\amiv_cmd.o
 .bss           0x2000004c        0x1 ..\obj\amiv_i2c.o
                0x2000004c                ActiveSlave
 *fill*         0x2000004d        0x3 
 .bss           0x20000050       0x30 ..\obj\amiv_util.o
 *(COMMON)
 COMMON         0x20000080       0x21 ..\obj\amiv_uart.o
                0x20000080                AMIV_UART_Command
                0x200000a0                AMIV_UART_CommandCnt
 *fill*         0x200000a1        0x3 
 COMMON         0x200000a4      0x101 ..\obj\amiv_adv7511.o
                0x200000a4                AMIV_ADV7511_EDID
 *fill*         0x200001a5        0x3 
 COMMON         0x200001a8      0x368 ..\obj\amiv_button.o
                0x200001a8                gButtonConfig
                0x200001f8                gArray_p
                0x20000508                gButtonState
                0x20000509                gButton
                0x2000050c                gButtonCntPress
                0x20000510                . = ALIGN (0x4)
                0x20000510                __bss_end__ = .
                0x20000510                _ebss = __bss_end__

.heap           0x20000510        0x0
                0x20000510                __end__ = .
                0x20000510                _end = __end__
                0x20000510                end = __end__
 *(.heap*)
                0x20000510                __HeapLimit = .

.co_stack       0x20000510        0x0
                0x20000510                . = ALIGN (0x8)
 *(.co_stack .co_stack.*)
                0x20001000                __StackTop = (ORIGIN (ram) + 0x1000)
                0x20001000                __StackLimit = (__StackTop - SIZEOF (.co_stack))
                0x20001000                PROVIDE (__stack, __StackTop)
                0x00000001                ASSERT ((__StackLimit >= __HeapLimit), region ram  overflowed with stack)
LOAD ..\obj\amiv_uart.o
LOAD ..\obj\amiv_main.o
LOAD ..\obj\stm32f0xx_rcc.o
LOAD ..\obj\amiv_cmd.o
LOAD ..\obj\startup_stm32f0xx.o
LOAD ..\obj\amiv_flash.o
LOAD ..\obj\stm32f0xx_i2c.o
LOAD ..\obj\system_stm32f0xx_temp.o
LOAD ..\obj\amiv_irq.o
LOAD ..\obj\stm32f0xx_gpio.o
LOAD ..\obj\amiv_ad9984a.o
LOAD ..\obj\amiv_adv7511.o
LOAD ..\obj\stm32f0xx_usart.o
LOAD ..\obj\amiv_i2c.o
LOAD ..\obj\amiv_button.o
LOAD ..\obj\stm32f0xx_flash.o
LOAD ..\obj\stm32f0xx_exti.o
LOAD ..\obj\stm32f0xx_syscfg.o
LOAD ..\obj\amiv_util.o
LOAD ..\obj\amiv_config.o
LOAD ..\obj\stm32f0xx_misc.o
START GROUP
LOAD c:/program files (x86)/gnu tools arm embedded/4.8 2014q3/bin/../lib/gcc/arm-none-eabi/4.8.4/armv6-m\libgcc.a
LOAD c:/program files (x86)/gnu tools arm embedded/4.8 2014q3/bin/../lib/gcc/arm-none-eabi/4.8.4/../../../../arm-none-eabi/lib/armv6-m\libg.a
LOAD c:/program files (x86)/gnu tools arm embedded/4.8 2014q3/bin/../lib/gcc/arm-none-eabi/4.8.4/../../../../arm-none-eabi/lib/armv6-m\libc.a
END GROUP
OUTPUT(amiv.elf elf32-littlearm)

.debug_info     0x00000000     0x63d4
 .debug_info    0x00000000      0x30a ..\obj\amiv_uart.o
 .debug_info    0x0000030a      0x315 ..\obj\amiv_main.o
 .debug_info    0x0000061f      0x9b8 ..\obj\stm32f0xx_rcc.o
 .debug_info    0x00000fd7      0x41d ..\obj\amiv_cmd.o
 .debug_info    0x000013f4       0x80 ..\obj\startup_stm32f0xx.o
 .debug_info    0x00001474      0x336 ..\obj\amiv_flash.o
 .debug_info    0x000017aa      0xbb3 ..\obj\stm32f0xx_i2c.o
 .debug_info    0x0000235d      0x2ef ..\obj\system_stm32f0xx_temp.o
 .debug_info    0x0000264c      0x5aa ..\obj\amiv_irq.o
 .debug_info    0x00002bf6      0x5cf ..\obj\stm32f0xx_gpio.o
 .debug_info    0x000031c5      0x114 ..\obj\amiv_ad9984a.o
 .debug_info    0x000032d9      0x20a ..\obj\amiv_adv7511.o
 .debug_info    0x000034e3      0xe2e ..\obj\stm32f0xx_usart.o
 .debug_info    0x00004311      0x377 ..\obj\amiv_i2c.o
 .debug_info    0x00004688      0x6f1 ..\obj\amiv_button.o
 .debug_info    0x00004d79      0x78a ..\obj\stm32f0xx_flash.o
 .debug_info    0x00005503      0x30d ..\obj\stm32f0xx_exti.o
 .debug_info    0x00005810      0x2a7 ..\obj\stm32f0xx_syscfg.o
 .debug_info    0x00005ab7      0x28e ..\obj\amiv_util.o
 .debug_info    0x00005d45      0x325 ..\obj\amiv_config.o
 .debug_info    0x0000606a      0x36a ..\obj\stm32f0xx_misc.o

.debug_abbrev   0x00000000     0x1b7a
 .debug_abbrev  0x00000000      0x145 ..\obj\amiv_uart.o
 .debug_abbrev  0x00000145       0xdd ..\obj\amiv_main.o
 .debug_abbrev  0x00000222      0x1ec ..\obj\stm32f0xx_rcc.o
 .debug_abbrev  0x0000040e      0x15d ..\obj\amiv_cmd.o
 .debug_abbrev  0x0000056b       0x12 ..\obj\startup_stm32f0xx.o
 .debug_abbrev  0x0000057d      0x16e ..\obj\amiv_flash.o
 .debug_abbrev  0x000006eb      0x185 ..\obj\stm32f0xx_i2c.o
 .debug_abbrev  0x00000870      0x134 ..\obj\system_stm32f0xx_temp.o
 .debug_abbrev  0x000009a4      0x176 ..\obj\amiv_irq.o
 .debug_abbrev  0x00000b1a      0x19b ..\obj\stm32f0xx_gpio.o
 .debug_abbrev  0x00000cb5       0x9e ..\obj\amiv_ad9984a.o
 .debug_abbrev  0x00000d53      0x116 ..\obj\amiv_adv7511.o
 .debug_abbrev  0x00000e69      0x15c ..\obj\stm32f0xx_usart.o
 .debug_abbrev  0x00000fc5      0x1b1 ..\obj\amiv_i2c.o
 .debug_abbrev  0x00001176      0x233 ..\obj\amiv_button.o
 .debug_abbrev  0x000013a9      0x1d7 ..\obj\stm32f0xx_flash.o
 .debug_abbrev  0x00001580      0x192 ..\obj\stm32f0xx_exti.o
 .debug_abbrev  0x00001712      0x147 ..\obj\stm32f0xx_syscfg.o
 .debug_abbrev  0x00001859       0xd1 ..\obj\amiv_util.o
 .debug_abbrev  0x0000192a      0x10d ..\obj\amiv_config.o
 .debug_abbrev  0x00001a37      0x143 ..\obj\stm32f0xx_misc.o

.debug_aranges  0x00000000      0x9f8
 .debug_aranges
                0x00000000       0x40 ..\obj\amiv_uart.o
 .debug_aranges
                0x00000040       0x20 ..\obj\amiv_main.o
 .debug_aranges
                0x00000060      0x150 ..\obj\stm32f0xx_rcc.o
 .debug_aranges
                0x000001b0       0x28 ..\obj\amiv_cmd.o
 .debug_aranges
                0x000001d8       0x28 ..\obj\startup_stm32f0xx.o
 .debug_aranges
                0x00000200       0x70 ..\obj\amiv_flash.o
 .debug_aranges
                0x00000270      0x168 ..\obj\stm32f0xx_i2c.o
 .debug_aranges
                0x000003d8       0x30 ..\obj\system_stm32f0xx_temp.o
 .debug_aranges
                0x00000408       0x38 ..\obj\amiv_irq.o
 .debug_aranges
                0x00000440       0x80 ..\obj\stm32f0xx_gpio.o
 .debug_aranges
                0x000004c0       0x20 ..\obj\amiv_ad9984a.o
 .debug_aranges
                0x000004e0       0x48 ..\obj\amiv_adv7511.o
 .debug_aranges
                0x00000528      0x1a0 ..\obj\stm32f0xx_usart.o
 .debug_aranges
                0x000006c8       0x50 ..\obj\amiv_i2c.o
 .debug_aranges
                0x00000718       0x78 ..\obj\amiv_button.o
 .debug_aranges
                0x00000790      0x100 ..\obj\stm32f0xx_flash.o
 .debug_aranges
                0x00000890       0x58 ..\obj\stm32f0xx_exti.o
 .debug_aranges
                0x000008e8       0x58 ..\obj\stm32f0xx_syscfg.o
 .debug_aranges
                0x00000940       0x48 ..\obj\amiv_util.o
 .debug_aranges
                0x00000988       0x40 ..\obj\amiv_config.o
 .debug_aranges
                0x000009c8       0x30 ..\obj\stm32f0xx_misc.o

.debug_ranges   0x00000000      0x8b0
 .debug_ranges  0x00000000       0x30 ..\obj\amiv_uart.o
 .debug_ranges  0x00000030       0x10 ..\obj\amiv_main.o
 .debug_ranges  0x00000040      0x140 ..\obj\stm32f0xx_rcc.o
 .debug_ranges  0x00000180       0x18 ..\obj\amiv_cmd.o
 .debug_ranges  0x00000198       0x20 ..\obj\startup_stm32f0xx.o
 .debug_ranges  0x000001b8       0x60 ..\obj\amiv_flash.o
 .debug_ranges  0x00000218      0x158 ..\obj\stm32f0xx_i2c.o
 .debug_ranges  0x00000370       0x20 ..\obj\system_stm32f0xx_temp.o
 .debug_ranges  0x00000390       0x28 ..\obj\amiv_irq.o
 .debug_ranges  0x000003b8       0x70 ..\obj\stm32f0xx_gpio.o
 .debug_ranges  0x00000428       0x10 ..\obj\amiv_ad9984a.o
 .debug_ranges  0x00000438       0x38 ..\obj\amiv_adv7511.o
 .debug_ranges  0x00000470      0x190 ..\obj\stm32f0xx_usart.o
 .debug_ranges  0x00000600       0x40 ..\obj\amiv_i2c.o
 .debug_ranges  0x00000640       0x68 ..\obj\amiv_button.o
 .debug_ranges  0x000006a8       0xf0 ..\obj\stm32f0xx_flash.o
 .debug_ranges  0x00000798       0x48 ..\obj\stm32f0xx_exti.o
 .debug_ranges  0x000007e0       0x48 ..\obj\stm32f0xx_syscfg.o
 .debug_ranges  0x00000828       0x38 ..\obj\amiv_util.o
 .debug_ranges  0x00000860       0x30 ..\obj\amiv_config.o
 .debug_ranges  0x00000890       0x20 ..\obj\stm32f0xx_misc.o

.debug_line     0x00000000     0x3840
 .debug_line    0x00000000      0x1e1 ..\obj\amiv_uart.o
 .debug_line    0x000001e1      0x1f3 ..\obj\amiv_main.o
 .debug_line    0x000003d4      0x4d7 ..\obj\stm32f0xx_rcc.o
 .debug_line    0x000008ab      0x320 ..\obj\amiv_cmd.o
 .debug_line    0x00000bcb       0x9b ..\obj\startup_stm32f0xx.o
 .debug_line    0x00000c66      0x264 ..\obj\amiv_flash.o
 .debug_line    0x00000eca      0x4fc ..\obj\stm32f0xx_i2c.o
 .debug_line    0x000013c6      0x1a9 ..\obj\system_stm32f0xx_temp.o
 .debug_line    0x0000156f      0x261 ..\obj\amiv_irq.o
 .debug_line    0x000017d0      0x2ae ..\obj\stm32f0xx_gpio.o
 .debug_line    0x00001a7e      0x171 ..\obj\amiv_ad9984a.o
 .debug_line    0x00001bef      0x1d9 ..\obj\amiv_adv7511.o
 .debug_line    0x00001dc8      0x599 ..\obj\stm32f0xx_usart.o
 .debug_line    0x00002361      0x25e ..\obj\amiv_i2c.o
 .debug_line    0x000025bf      0x469 ..\obj\amiv_button.o
 .debug_line    0x00002a28      0x444 ..\obj\stm32f0xx_flash.o
 .debug_line    0x00002e6c      0x229 ..\obj\stm32f0xx_exti.o
 .debug_line    0x00003095      0x1ed ..\obj\stm32f0xx_syscfg.o
 .debug_line    0x00003282      0x1f0 ..\obj\amiv_util.o
 .debug_line    0x00003472      0x1e6 ..\obj\amiv_config.o
 .debug_line    0x00003658      0x1e8 ..\obj\stm32f0xx_misc.o

.debug_str      0x00000000     0x299a
 .debug_str     0x00000000      0x29d ..\obj\amiv_uart.o
                                0x2ff (size before relaxing)
 .debug_str     0x0000029d      0x24a ..\obj\amiv_main.o
                                0x3d1 (size before relaxing)
 .debug_str     0x000004e7      0x57f ..\obj\stm32f0xx_rcc.o
                                0x71c (size before relaxing)
 .debug_str     0x00000a66       0xc1 ..\obj\amiv_cmd.o
                                0x2fa (size before relaxing)
 .debug_str     0x00000b27      0x17c ..\obj\amiv_flash.o
                                0x2f0 (size before relaxing)
 .debug_str     0x00000ca3      0x474 ..\obj\stm32f0xx_i2c.o
                                0x620 (size before relaxing)
 .debug_str     0x00001117       0x9a ..\obj\system_stm32f0xx_temp.o
                                0x282 (size before relaxing)
 .debug_str     0x000011b1      0x4a7 ..\obj\amiv_irq.o
                                0x725 (size before relaxing)
 .debug_str     0x00001658      0x175 ..\obj\stm32f0xx_gpio.o
                                0x472 (size before relaxing)
 .debug_str     0x000017cd       0x41 ..\obj\amiv_ad9984a.o
                                0x218 (size before relaxing)
 .debug_str     0x0000180e       0xd1 ..\obj\amiv_adv7511.o
                                0x2eb (size before relaxing)
 .debug_str     0x000018df      0x652 ..\obj\stm32f0xx_usart.o
                                0x939 (size before relaxing)
 .debug_str     0x00001f31       0xe2 ..\obj\amiv_i2c.o
                                0x385 (size before relaxing)
 .debug_str     0x00002013      0x202 ..\obj\amiv_button.o
                                0x62e (size before relaxing)
 .debug_str     0x00002215      0x327 ..\obj\stm32f0xx_flash.o
                                0x55e (size before relaxing)
 .debug_str     0x0000253c       0xe8 ..\obj\stm32f0xx_exti.o
                                0x315 (size before relaxing)
 .debug_str     0x00002624      0x180 ..\obj\stm32f0xx_syscfg.o
                                0x301 (size before relaxing)
 .debug_str     0x000027a4       0x9b ..\obj\amiv_util.o
                                0x1f9 (size before relaxing)
 .debug_str     0x0000283f       0x74 ..\obj\amiv_config.o
                                0x387 (size before relaxing)
 .debug_str     0x000028b3       0xe7 ..\obj\stm32f0xx_misc.o
                                0x2dc (size before relaxing)

.comment        0x00000000       0x70
 .comment       0x00000000       0x70 ..\obj\amiv_uart.o
                                 0x71 (size before relaxing)
 .comment       0x00000000       0x71 ..\obj\amiv_main.o
 .comment       0x00000000       0x71 ..\obj\stm32f0xx_rcc.o
 .comment       0x00000000       0x71 ..\obj\amiv_cmd.o
 .comment       0x00000000       0x71 ..\obj\amiv_flash.o
 .comment       0x00000000       0x71 ..\obj\stm32f0xx_i2c.o
 .comment       0x00000000       0x71 ..\obj\system_stm32f0xx_temp.o
 .comment       0x00000000       0x71 ..\obj\amiv_irq.o
 .comment       0x00000000       0x71 ..\obj\stm32f0xx_gpio.o
 .comment       0x00000000       0x71 ..\obj\amiv_ad9984a.o
 .comment       0x00000000       0x71 ..\obj\amiv_adv7511.o
 .comment       0x00000000       0x71 ..\obj\stm32f0xx_usart.o
 .comment       0x00000000       0x71 ..\obj\amiv_i2c.o
 .comment       0x00000000       0x71 ..\obj\amiv_button.o
 .comment       0x00000000       0x71 ..\obj\stm32f0xx_flash.o
 .comment       0x00000000       0x71 ..\obj\stm32f0xx_exti.o
 .comment       0x00000000       0x71 ..\obj\stm32f0xx_syscfg.o
 .comment       0x00000000       0x71 ..\obj\amiv_util.o
 .comment       0x00000000       0x71 ..\obj\amiv_config.o
 .comment       0x00000000       0x71 ..\obj\stm32f0xx_misc.o

.ARM.attributes
                0x00000000       0x2f
 .ARM.attributes
                0x00000000       0x31 ..\obj\amiv_uart.o
 .ARM.attributes
                0x00000031       0x31 ..\obj\amiv_main.o
 .ARM.attributes
                0x00000062       0x31 ..\obj\stm32f0xx_rcc.o
 .ARM.attributes
                0x00000093       0x31 ..\obj\amiv_cmd.o
 .ARM.attributes
                0x000000c4       0x21 ..\obj\startup_stm32f0xx.o
 .ARM.attributes
                0x000000e5       0x31 ..\obj\amiv_flash.o
 .ARM.attributes
                0x00000116       0x31 ..\obj\stm32f0xx_i2c.o
 .ARM.attributes
                0x00000147       0x31 ..\obj\system_stm32f0xx_temp.o
 .ARM.attributes
                0x00000178       0x31 ..\obj\amiv_irq.o
 .ARM.attributes
                0x000001a9       0x31 ..\obj\stm32f0xx_gpio.o
 .ARM.attributes
                0x000001da       0x31 ..\obj\amiv_ad9984a.o
 .ARM.attributes
                0x0000020b       0x31 ..\obj\amiv_adv7511.o
 .ARM.attributes
                0x0000023c       0x31 ..\obj\stm32f0xx_usart.o
 .ARM.attributes
                0x0000026d       0x31 ..\obj\amiv_i2c.o
 .ARM.attributes
                0x0000029e       0x31 ..\obj\amiv_button.o
 .ARM.attributes
                0x000002cf       0x31 ..\obj\stm32f0xx_flash.o
 .ARM.attributes
                0x00000300       0x31 ..\obj\stm32f0xx_exti.o
 .ARM.attributes
                0x00000331       0x31 ..\obj\stm32f0xx_syscfg.o
 .ARM.attributes
                0x00000362       0x31 ..\obj\amiv_util.o
 .ARM.attributes
                0x00000393       0x31 ..\obj\amiv_config.o
 .ARM.attributes
                0x000003c4       0x31 ..\obj\stm32f0xx_misc.o
 .ARM.attributes
                0x000003f5       0x1e c:/program files (x86)/gnu tools arm embedded/4.8 2014q3/bin/../lib/gcc/arm-none-eabi/4.8.4/armv6-m\libgcc.a(_udivsi3.o)
 .ARM.attributes
                0x00000413       0x1e c:/program files (x86)/gnu tools arm embedded/4.8 2014q3/bin/../lib/gcc/arm-none-eabi/4.8.4/armv6-m\libgcc.a(_divsi3.o)
 .ARM.attributes
                0x00000431       0x1e c:/program files (x86)/gnu tools arm embedded/4.8 2014q3/bin/../lib/gcc/arm-none-eabi/4.8.4/armv6-m\libgcc.a(_dvmd_tls.o)
 .ARM.attributes
                0x0000044f       0x2c c:/program files (x86)/gnu tools arm embedded/4.8 2014q3/bin/../lib/gcc/arm-none-eabi/4.8.4/../../../../arm-none-eabi/lib/armv6-m\libg.a(lib_a-memcpy-stub.o)

.debug_frame    0x00000000     0x2100
 .debug_frame   0x00000000       0xa8 ..\obj\amiv_uart.o
 .debug_frame   0x000000a8       0x30 ..\obj\amiv_main.o
 .debug_frame   0x000000d8      0x4e4 ..\obj\stm32f0xx_rcc.o
 .debug_frame   0x000005bc       0x4c ..\obj\amiv_cmd.o
 .debug_frame   0x00000608      0x168 ..\obj\amiv_flash.o
 .debug_frame   0x00000770      0x550 ..\obj\stm32f0xx_i2c.o
 .debug_frame   0x00000cc0       0x6c ..\obj\system_stm32f0xx_temp.o
 .debug_frame   0x00000d2c       0x90 ..\obj\amiv_irq.o
 .debug_frame   0x00000dbc      0x1b0 ..\obj\stm32f0xx_gpio.o
 .debug_frame   0x00000f6c       0x30 ..\obj\amiv_ad9984a.o
 .debug_frame   0x00000f9c       0xc4 ..\obj\amiv_adv7511.o
 .debug_frame   0x00001060      0x630 ..\obj\stm32f0xx_usart.o
 .debug_frame   0x00001690       0xec ..\obj\amiv_i2c.o
 .debug_frame   0x0000177c      0x178 ..\obj\amiv_button.o
 .debug_frame   0x000018f4      0x394 ..\obj\stm32f0xx_flash.o
 .debug_frame   0x00001c88      0x10c ..\obj\stm32f0xx_exti.o
 .debug_frame   0x00001d94      0x110 ..\obj\stm32f0xx_syscfg.o
 .debug_frame   0x00001ea4       0xd0 ..\obj\amiv_util.o
 .debug_frame   0x00001f74       0xac ..\obj\amiv_config.o
 .debug_frame   0x00002020       0x70 ..\obj\stm32f0xx_misc.o
 .debug_frame   0x00002090       0x20 c:/program files (x86)/gnu tools arm embedded/4.8 2014q3/bin/../lib/gcc/arm-none-eabi/4.8.4/armv6-m\libgcc.a(_udivsi3.o)
 .debug_frame   0x000020b0       0x20 c:/program files (x86)/gnu tools arm embedded/4.8 2014q3/bin/../lib/gcc/arm-none-eabi/4.8.4/armv6-m\libgcc.a(_divsi3.o)
 .debug_frame   0x000020d0       0x30 c:/program files (x86)/gnu tools arm embedded/4.8 2014q3/bin/../lib/gcc/arm-none-eabi/4.8.4/../../../../arm-none-eabi/lib/armv6-m\libg.a(lib_a-memcpy-stub.o)
