Archive member included because of file (symbol)

c:/program files (x86)/gnu tools arm embedded/4.8 2014q3/bin/../lib/gcc/arm-none-eabi/4.8.4/armv6-m\libgcc.a(_udivsi3.o)
                              ..\obj\stm32f0xx_rcc.o (__aeabi_uidiv)
c:/program files (x86)/gnu tools arm embedded/4.8 2014q3/bin/../lib/gcc/arm-none-eabi/4.8.4/armv6-m\libgcc.a(_divsi3.o)
                              ..\obj\amiv_util.o (__aeabi_idiv)
c:/program files (x86)/gnu tools arm embedded/4.8 2014q3/bin/../lib/gcc/arm-none-eabi/4.8.4/armv6-m\libgcc.a(_dvmd_tls.o)
                              c:/program files (x86)/gnu tools arm embedded/4.8 2014q3/bin/../lib/gcc/arm-none-eabi/4.8.4/armv6-m\libgcc.a(_udivsi3.o) (__aeabi_idiv0)

Allocating common symbols
Common symbol       size              file

AMIV_UART_Command   0x20              ..\obj\amiv_uart.o
AMIV_ADV7511_EDID   0x101             ..\obj\amiv_adv7511.o
AMIV_UART_CommandCnt
                    0x1               ..\obj\amiv_uart.o

Discarded input sections

 .text          0x00000000        0x0 ..\obj\amiv_uart.o
 .data          0x00000000        0x0 ..\obj\amiv_uart.o
 .bss           0x00000000        0x0 ..\obj\amiv_uart.o
 .text          0x00000000        0x0 ..\obj\amiv_main.o
 .data          0x00000000        0x0 ..\obj\amiv_main.o
 .bss           0x00000000        0x0 ..\obj\amiv_main.o
 .text          0x00000000        0x0 ..\obj\stm32f0xx_rcc.o
 .bss           0x00000000        0x0 ..\obj\stm32f0xx_rcc.o
 .text.RCC_DeInit
                0x00000000       0x88 ..\obj\stm32f0xx_rcc.o
 .text.RCC_HSEConfig
                0x00000000       0x24 ..\obj\stm32f0xx_rcc.o
 .text.RCC_WaitForHSEStartUp
                0x00000000       0x60 ..\obj\stm32f0xx_rcc.o
 .text.RCC_AdjustHSICalibrationValue
                0x00000000       0x3c ..\obj\stm32f0xx_rcc.o
 .text.RCC_HSICmd
                0x00000000       0x38 ..\obj\stm32f0xx_rcc.o
 .text.RCC_AdjustHSI14CalibrationValue
                0x00000000       0x3c ..\obj\stm32f0xx_rcc.o
 .text.RCC_HSI14Cmd
                0x00000000       0x38 ..\obj\stm32f0xx_rcc.o
 .text.RCC_HSI14ADCRequestCmd
                0x00000000       0x38 ..\obj\stm32f0xx_rcc.o
 .text.RCC_LSEConfig
                0x00000000       0x38 ..\obj\stm32f0xx_rcc.o
 .text.RCC_LSEDriveConfig
                0x00000000       0x2c ..\obj\stm32f0xx_rcc.o
 .text.RCC_LSICmd
                0x00000000       0x38 ..\obj\stm32f0xx_rcc.o
 .text.RCC_PLLConfig
                0x00000000       0x34 ..\obj\stm32f0xx_rcc.o
 .text.RCC_PLLCmd
                0x00000000       0x40 ..\obj\stm32f0xx_rcc.o
 .text.RCC_PREDIV1Config
                0x00000000       0x34 ..\obj\stm32f0xx_rcc.o
 .text.RCC_ClockSecuritySystemCmd
                0x00000000       0x40 ..\obj\stm32f0xx_rcc.o
 .text.RCC_MCOConfig
                0x00000000       0x44 ..\obj\stm32f0xx_rcc.o
 .text.RCC_SYSCLKConfig
                0x00000000       0x34 ..\obj\stm32f0xx_rcc.o
 .text.RCC_GetSYSCLKSource
                0x00000000       0x1c ..\obj\stm32f0xx_rcc.o
 .text.RCC_HCLKConfig
                0x00000000       0x34 ..\obj\stm32f0xx_rcc.o
 .text.RCC_PCLKConfig
                0x00000000       0x38 ..\obj\stm32f0xx_rcc.o
 .text.RCC_ADCCLKConfig
                0x00000000       0x50 ..\obj\stm32f0xx_rcc.o
 .text.RCC_CECCLKConfig
                0x00000000       0x2c ..\obj\stm32f0xx_rcc.o
 .text.RCC_USARTCLKConfig
                0x00000000       0x2c ..\obj\stm32f0xx_rcc.o
 .text.RCC_RTCCLKConfig
                0x00000000       0x20 ..\obj\stm32f0xx_rcc.o
 .text.RCC_RTCCLKCmd
                0x00000000       0x40 ..\obj\stm32f0xx_rcc.o
 .text.RCC_BackupResetCmd
                0x00000000       0x40 ..\obj\stm32f0xx_rcc.o
 .text.RCC_AHBPeriphResetCmd
                0x00000000       0x3c ..\obj\stm32f0xx_rcc.o
 .text.RCC_APB2PeriphResetCmd
                0x00000000       0x3c ..\obj\stm32f0xx_rcc.o
 .text.RCC_APB1PeriphResetCmd
                0x00000000       0x3c ..\obj\stm32f0xx_rcc.o
 .text.RCC_ITConfig
                0x00000000       0x50 ..\obj\stm32f0xx_rcc.o
 .text.RCC_GetFlagStatus
                0x00000000       0x90 ..\obj\stm32f0xx_rcc.o
 .text.RCC_ClearFlag
                0x00000000       0x1c ..\obj\stm32f0xx_rcc.o
 .text.RCC_GetITStatus
                0x00000000       0x44 ..\obj\stm32f0xx_rcc.o
 .text.RCC_ClearITPendingBit
                0x00000000       0x20 ..\obj\stm32f0xx_rcc.o
 .text          0x00000000        0x0 ..\obj\amiv_cmd.o
 .data          0x00000000        0x0 ..\obj\amiv_cmd.o
 .text          0x00000000       0x14 ..\obj\startup_stm32f0xx.o
 .data          0x00000000        0x0 ..\obj\startup_stm32f0xx.o
 .bss           0x00000000        0x0 ..\obj\startup_stm32f0xx.o
 .text          0x00000000        0x0 ..\obj\stm32f0xx_i2c.o
 .data          0x00000000        0x0 ..\obj\stm32f0xx_i2c.o
 .bss           0x00000000        0x0 ..\obj\stm32f0xx_i2c.o
 .text.I2C_DeInit
                0x00000000       0x4c ..\obj\stm32f0xx_i2c.o
 .text.I2C_StructInit
                0x00000000       0x3c ..\obj\stm32f0xx_i2c.o
 .text.I2C_SoftwareResetCmd
                0x00000000       0x30 ..\obj\stm32f0xx_i2c.o
 .text.I2C_ITConfig
                0x00000000       0x38 ..\obj\stm32f0xx_i2c.o
 .text.I2C_StretchClockCmd
                0x00000000       0x3c ..\obj\stm32f0xx_i2c.o
 .text.I2C_StopModeCmd
                0x00000000       0x3c ..\obj\stm32f0xx_i2c.o
 .text.I2C_DualAddressCmd
                0x00000000       0x3c ..\obj\stm32f0xx_i2c.o
 .text.I2C_OwnAddress2Config
                0x00000000       0x50 ..\obj\stm32f0xx_i2c.o
 .text.I2C_GeneralCallCmd
                0x00000000       0x3c ..\obj\stm32f0xx_i2c.o
 .text.I2C_SlaveByteControlCmd
                0x00000000       0x3c ..\obj\stm32f0xx_i2c.o
 .text.I2C_SlaveAddressConfig
                0x00000000       0x3c ..\obj\stm32f0xx_i2c.o
 .text.I2C_10BitAddressingModeCmd
                0x00000000       0x3c ..\obj\stm32f0xx_i2c.o
 .text.I2C_AutoEndCmd
                0x00000000       0x3c ..\obj\stm32f0xx_i2c.o
 .text.I2C_ReloadCmd
                0x00000000       0x3c ..\obj\stm32f0xx_i2c.o
 .text.I2C_NumberOfBytesConfig
                0x00000000       0x44 ..\obj\stm32f0xx_i2c.o
 .text.I2C_MasterRequestConfig
                0x00000000       0x3c ..\obj\stm32f0xx_i2c.o
 .text.I2C_GenerateSTART
                0x00000000       0x3c ..\obj\stm32f0xx_i2c.o
 .text.I2C_GenerateSTOP
                0x00000000       0x3c ..\obj\stm32f0xx_i2c.o
 .text.I2C_10BitAddressHeaderCmd
                0x00000000       0x3c ..\obj\stm32f0xx_i2c.o
 .text.I2C_AcknowledgeConfig
                0x00000000       0x3c ..\obj\stm32f0xx_i2c.o
 .text.I2C_GetAddressMatched
                0x00000000       0x20 ..\obj\stm32f0xx_i2c.o
 .text.I2C_GetTransferDirection
                0x00000000       0x48 ..\obj\stm32f0xx_i2c.o
 .text.I2C_SMBusAlertCmd
                0x00000000       0x3c ..\obj\stm32f0xx_i2c.o
 .text.I2C_ClockTimeoutCmd
                0x00000000       0x3c ..\obj\stm32f0xx_i2c.o
 .text.I2C_ExtendedClockTimeoutCmd
                0x00000000       0x38 ..\obj\stm32f0xx_i2c.o
 .text.I2C_IdleClockTimeoutCmd
                0x00000000       0x3c ..\obj\stm32f0xx_i2c.o
 .text.I2C_TimeoutAConfig
                0x00000000       0x3c ..\obj\stm32f0xx_i2c.o
 .text.I2C_TimeoutBConfig
                0x00000000       0x44 ..\obj\stm32f0xx_i2c.o
 .text.I2C_CalculatePEC
                0x00000000       0x3c ..\obj\stm32f0xx_i2c.o
 .text.I2C_PECRequestCmd
                0x00000000       0x3c ..\obj\stm32f0xx_i2c.o
 .text.I2C_GetPEC
                0x00000000       0x18 ..\obj\stm32f0xx_i2c.o
 .text.I2C_ReadRegister
                0x00000000       0x2c ..\obj\stm32f0xx_i2c.o
 .text.I2C_DMACmd
                0x00000000       0x38 ..\obj\stm32f0xx_i2c.o
 .text.I2C_GetITStatus
                0x00000000       0x88 ..\obj\stm32f0xx_i2c.o
 .text.I2C_ClearITPendingBit
                0x00000000       0x18 ..\obj\stm32f0xx_i2c.o
 .text          0x00000000        0x0 ..\obj\system_stm32f0xx_temp.o
 .data          0x00000000       0x14 ..\obj\system_stm32f0xx_temp.o
 .bss           0x00000000        0x0 ..\obj\system_stm32f0xx_temp.o
 .text.SystemCoreClockUpdate1
                0x00000000       0xd0 ..\obj\system_stm32f0xx_temp.o
 .text          0x00000000        0x0 ..\obj\amiv_irq.o
 .data          0x00000000        0x0 ..\obj\amiv_irq.o
 .bss           0x00000000        0x0 ..\obj\amiv_irq.o
 .text          0x00000000        0x0 ..\obj\stm32f0xx_gpio.o
 .data          0x00000000        0x0 ..\obj\stm32f0xx_gpio.o
 .bss           0x00000000        0x0 ..\obj\stm32f0xx_gpio.o
 .text.GPIO_DeInit
                0x00000000       0xc8 ..\obj\stm32f0xx_gpio.o
 .text.GPIO_StructInit
                0x00000000       0x30 ..\obj\stm32f0xx_gpio.o
 .text.GPIO_PinLockConfig
                0x00000000       0x44 ..\obj\stm32f0xx_gpio.o
 .text.GPIO_ReadInputData
                0x00000000       0x18 ..\obj\stm32f0xx_gpio.o
 .text.GPIO_ReadOutputDataBit
                0x00000000       0x48 ..\obj\stm32f0xx_gpio.o
 .text.GPIO_ReadOutputData
                0x00000000       0x18 ..\obj\stm32f0xx_gpio.o
 .text.GPIO_WriteBit
                0x00000000       0x30 ..\obj\stm32f0xx_gpio.o
 .text.GPIO_Write
                0x00000000       0x1c ..\obj\stm32f0xx_gpio.o
 .text          0x00000000        0x0 ..\obj\amiv_ad9984a.o
 .data          0x00000000        0x0 ..\obj\amiv_ad9984a.o
 .bss           0x00000000        0x0 ..\obj\amiv_ad9984a.o
 .text          0x00000000        0x0 ..\obj\amiv_adv7511.o
 .text.AMIV_ADV7511_ReadEDID
                0x00000000       0x48 ..\obj\amiv_adv7511.o
 .text.AMIV_ADV7511_GetEDIDPointer
                0x00000000       0x10 ..\obj\amiv_adv7511.o
 .text.AMIV_ADV7511_IncreaseVerticalSize
                0x00000000       0x30 ..\obj\amiv_adv7511.o
 COMMON         0x00000000      0x101 ..\obj\amiv_adv7511.o
 .text          0x00000000        0x0 ..\obj\stm32f0xx_usart.o
 .data          0x00000000        0x0 ..\obj\stm32f0xx_usart.o
 .bss           0x00000000        0x0 ..\obj\stm32f0xx_usart.o
 .text.USART_DeInit
                0x00000000       0x58 ..\obj\stm32f0xx_usart.o
 .text.USART_StructInit
                0x00000000       0x34 ..\obj\stm32f0xx_usart.o
 .text.USART_ClockInit
                0x00000000       0x48 ..\obj\stm32f0xx_usart.o
 .text.USART_ClockStructInit
                0x00000000       0x28 ..\obj\stm32f0xx_usart.o
 .text.USART_DirectionModeCmd
                0x00000000       0x38 ..\obj\stm32f0xx_usart.o
 .text.USART_OverSampling8Cmd
                0x00000000       0x3c ..\obj\stm32f0xx_usart.o
 .text.USART_OneBitMethodCmd
                0x00000000       0x3c ..\obj\stm32f0xx_usart.o
 .text.USART_MSBFirstCmd
                0x00000000       0x3c ..\obj\stm32f0xx_usart.o
 .text.USART_DataInvCmd
                0x00000000       0x3c ..\obj\stm32f0xx_usart.o
 .text.USART_InvPinCmd
                0x00000000       0x38 ..\obj\stm32f0xx_usart.o
 .text.USART_SWAPPinCmd
                0x00000000       0x3c ..\obj\stm32f0xx_usart.o
 .text.USART_ReceiverTimeOutCmd
                0x00000000       0x3c ..\obj\stm32f0xx_usart.o
 .text.USART_SetReceiverTimeOut
                0x00000000       0x28 ..\obj\stm32f0xx_usart.o
 .text.USART_SetPrescaler
                0x00000000       0x38 ..\obj\stm32f0xx_usart.o
 .text.USART_STOPModeCmd
                0x00000000       0x3c ..\obj\stm32f0xx_usart.o
 .text.USART_StopModeWakeUpSourceConfig
                0x00000000       0x2c ..\obj\stm32f0xx_usart.o
 .text.USART_AutoBaudRateCmd
                0x00000000       0x3c ..\obj\stm32f0xx_usart.o
 .text.USART_AutoBaudRateConfig
                0x00000000       0x2c ..\obj\stm32f0xx_usart.o
 .text.USART_SetAddress
                0x00000000       0x30 ..\obj\stm32f0xx_usart.o
 .text.USART_MuteModeCmd
                0x00000000       0x3c ..\obj\stm32f0xx_usart.o
 .text.USART_MuteModeWakeUpConfig
                0x00000000       0x2c ..\obj\stm32f0xx_usart.o
 .text.USART_AddressDetectionConfig
                0x00000000       0x2c ..\obj\stm32f0xx_usart.o
 .text.USART_LINBreakDetectLengthConfig
                0x00000000       0x2c ..\obj\stm32f0xx_usart.o
 .text.USART_LINCmd
                0x00000000       0x3c ..\obj\stm32f0xx_usart.o
 .text.USART_HalfDuplexCmd
                0x00000000       0x3c ..\obj\stm32f0xx_usart.o
 .text.USART_SetGuardTime
                0x00000000       0x3c ..\obj\stm32f0xx_usart.o
 .text.USART_SmartCardCmd
                0x00000000       0x3c ..\obj\stm32f0xx_usart.o
 .text.USART_SmartCardNACKCmd
                0x00000000       0x3c ..\obj\stm32f0xx_usart.o
 .text.USART_SetAutoRetryCount
                0x00000000       0x34 ..\obj\stm32f0xx_usart.o
 .text.USART_SetBlockLength
                0x00000000       0x30 ..\obj\stm32f0xx_usart.o
 .text.USART_IrDAConfig
                0x00000000       0x2c ..\obj\stm32f0xx_usart.o
 .text.USART_IrDACmd
                0x00000000       0x3c ..\obj\stm32f0xx_usart.o
 .text.USART_DECmd
                0x00000000       0x3c ..\obj\stm32f0xx_usart.o
 .text.USART_DEPolarityConfig
                0x00000000       0x2c ..\obj\stm32f0xx_usart.o
 .text.USART_SetDEAssertionTime
                0x00000000       0x30 ..\obj\stm32f0xx_usart.o
 .text.USART_SetDEDeassertionTime
                0x00000000       0x30 ..\obj\stm32f0xx_usart.o
 .text.USART_DMACmd
                0x00000000       0x38 ..\obj\stm32f0xx_usart.o
 .text.USART_DMAReceptionErrorConfig
                0x00000000       0x2c ..\obj\stm32f0xx_usart.o
 .text.USART_RequestCmd
                0x00000000       0x48 ..\obj\stm32f0xx_usart.o
 .text.USART_OverrunDetectionConfig
                0x00000000       0x2c ..\obj\stm32f0xx_usart.o
 .text.USART_ClearFlag
                0x00000000       0x18 ..\obj\stm32f0xx_usart.o
 .text.USART_ClearITPendingBit
                0x00000000       0x30 ..\obj\stm32f0xx_usart.o
 .text          0x00000000        0x0 ..\obj\amiv_i2c.o
 .text          0x00000000        0x0 ..\obj\stm32f0xx_exti.o
 .data          0x00000000        0x0 ..\obj\stm32f0xx_exti.o
 .bss           0x00000000        0x0 ..\obj\stm32f0xx_exti.o
 .text.EXTI_DeInit
                0x00000000       0x34 ..\obj\stm32f0xx_exti.o
 .text.EXTI_StructInit
                0x00000000       0x28 ..\obj\stm32f0xx_exti.o
 .text.EXTI_GenerateSWInterrupt
                0x00000000       0x20 ..\obj\stm32f0xx_exti.o
 .text.EXTI_GetFlagStatus
                0x00000000       0x40 ..\obj\stm32f0xx_exti.o
 .text.EXTI_ClearFlag
                0x00000000       0x18 ..\obj\stm32f0xx_exti.o
 .text          0x00000000        0x0 ..\obj\stm32f0xx_syscfg.o
 .data          0x00000000        0x0 ..\obj\stm32f0xx_syscfg.o
 .bss           0x00000000        0x0 ..\obj\stm32f0xx_syscfg.o
 .text.SYSCFG_DeInit
                0x00000000       0x40 ..\obj\stm32f0xx_syscfg.o
 .text.SYSCFG_MemoryRemapConfig
                0x00000000       0x34 ..\obj\stm32f0xx_syscfg.o
 .text.SYSCFG_DMAChannelRemapConfig
                0x00000000       0x3c ..\obj\stm32f0xx_syscfg.o
 .text.SYSCFG_I2CFastModePlusConfig
                0x00000000       0x3c ..\obj\stm32f0xx_syscfg.o
 .text.SYSCFG_BreakConfig
                0x00000000       0x20 ..\obj\stm32f0xx_syscfg.o
 .text.SYSCFG_GetFlagStatus
                0x00000000       0x40 ..\obj\stm32f0xx_syscfg.o
 .text.SYSCFG_ClearFlag
                0x00000000       0x20 ..\obj\stm32f0xx_syscfg.o
 .text          0x00000000        0x0 ..\obj\amiv_config.o
 .data          0x00000000        0x0 ..\obj\amiv_config.o
 .bss           0x00000000        0x0 ..\obj\amiv_config.o
 .text          0x00000000        0x0 ..\obj\amiv_util.o
 .data          0x00000000        0x0 ..\obj\amiv_util.o
 .text.AMIV_UTIL_itoa
                0x00000000       0x94 ..\obj\amiv_util.o
 .text          0x00000000        0x0 ..\obj\stm32f0xx_misc.o
 .data          0x00000000        0x0 ..\obj\stm32f0xx_misc.o
 .bss           0x00000000        0x0 ..\obj\stm32f0xx_misc.o
 .text.NVIC_SystemLPConfig
                0x00000000       0x44 ..\obj\stm32f0xx_misc.o
 .text.SysTick_CLKSourceConfig
                0x00000000       0x34 ..\obj\stm32f0xx_misc.o
 .data          0x00000000        0x0 c:/program files (x86)/gnu tools arm embedded/4.8 2014q3/bin/../lib/gcc/arm-none-eabi/4.8.4/armv6-m\libgcc.a(_udivsi3.o)
 .bss           0x00000000        0x0 c:/program files (x86)/gnu tools arm embedded/4.8 2014q3/bin/../lib/gcc/arm-none-eabi/4.8.4/armv6-m\libgcc.a(_udivsi3.o)
 .text          0x00000000       0xc0 c:/program files (x86)/gnu tools arm embedded/4.8 2014q3/bin/../lib/gcc/arm-none-eabi/4.8.4/armv6-m\libgcc.a(_divsi3.o)
 .data          0x00000000        0x0 c:/program files (x86)/gnu tools arm embedded/4.8 2014q3/bin/../lib/gcc/arm-none-eabi/4.8.4/armv6-m\libgcc.a(_divsi3.o)
 .bss           0x00000000        0x0 c:/program files (x86)/gnu tools arm embedded/4.8 2014q3/bin/../lib/gcc/arm-none-eabi/4.8.4/armv6-m\libgcc.a(_divsi3.o)
 .debug_frame   0x00000000       0x20 c:/program files (x86)/gnu tools arm embedded/4.8 2014q3/bin/../lib/gcc/arm-none-eabi/4.8.4/armv6-m\libgcc.a(_divsi3.o)
 .ARM.attributes
                0x00000000       0x1e c:/program files (x86)/gnu tools arm embedded/4.8 2014q3/bin/../lib/gcc/arm-none-eabi/4.8.4/armv6-m\libgcc.a(_divsi3.o)
 .data          0x00000000        0x0 c:/program files (x86)/gnu tools arm embedded/4.8 2014q3/bin/../lib/gcc/arm-none-eabi/4.8.4/armv6-m\libgcc.a(_dvmd_tls.o)
 .bss           0x00000000        0x0 c:/program files (x86)/gnu tools arm embedded/4.8 2014q3/bin/../lib/gcc/arm-none-eabi/4.8.4/armv6-m\libgcc.a(_dvmd_tls.o)

Memory Configuration

Name             Origin             Length             Attributes
rom              0x08000000         0x00008000         xr
ram              0x20000000         0x00001000         xrw
*default*        0x00000000         0xffffffff

Linker script and memory map

                0x20001000                _eram = 0x20001000

.text           0x08000000     0x26a4
 *(.isr_vector)
 .isr_vector    0x08000000       0xc4 ..\obj\startup_stm32f0xx.o
                0x08000000                g_pfnVectors
 *(.text*)
 .text.AMIV_UART_Init
                0x080000c4       0x8c ..\obj\amiv_uart.o
                0x080000c4                AMIV_UART_Init
 .text.AMIV_UART_SendChar
                0x08000150       0x38 ..\obj\amiv_uart.o
                0x08000150                AMIV_UART_SendChar
 .text.AMIV_UART_SendString
                0x08000188       0x44 ..\obj\amiv_uart.o
                0x08000188                AMIV_UART_SendString
 .text.AMIV_UART_ResetStatus
                0x080001cc       0x20 ..\obj\amiv_uart.o
                0x080001cc                AMIV_UART_ResetStatus
 .text.AMIV_UART_ReadByte
                0x080001ec       0x1c ..\obj\amiv_uart.o
                0x080001ec                AMIV_UART_ReadByte
 .text.main     0x08000208      0x2f0 ..\obj\amiv_main.o
                0x08000208                main
 .text.RCC_I2CCLKConfig
                0x080004f8       0x2c ..\obj\stm32f0xx_rcc.o
                0x080004f8                RCC_I2CCLKConfig
 .text.RCC_GetClocksFreq
                0x08000524      0x1cc ..\obj\stm32f0xx_rcc.o
                0x08000524                RCC_GetClocksFreq
 .text.RCC_AHBPeriphClockCmd
                0x080006f0       0x3c ..\obj\stm32f0xx_rcc.o
                0x080006f0                RCC_AHBPeriphClockCmd
 .text.RCC_APB2PeriphClockCmd
                0x0800072c       0x3c ..\obj\stm32f0xx_rcc.o
                0x0800072c                RCC_APB2PeriphClockCmd
 .text.RCC_APB1PeriphClockCmd
                0x08000768       0x3c ..\obj\stm32f0xx_rcc.o
                0x08000768                RCC_APB1PeriphClockCmd
 .text.AMIV_CMD_ExecuteCommand
                0x080007a4      0x260 ..\obj\amiv_cmd.o
                0x080007a4                AMIV_CMD_ExecuteCommand
 .text.Reset_Handler
                0x08000a04       0x4c ..\obj\startup_stm32f0xx.o
                0x08000a04                Reset_Handler
 .text.Default_Handler
                0x08000a50        0x2 ..\obj\startup_stm32f0xx.o
                0x08000a50                TIM1_CC_IRQHandler
                0x08000a50                HardFault_Handler
                0x08000a50                ADC1_COMP_IRQHandler
                0x08000a50                SysTick_Handler
                0x08000a50                PVD_IRQHandler
                0x08000a50                PendSV_Handler
                0x08000a50                NMI_Handler
                0x08000a50                I2C1_IRQHandler
                0x08000a50                SPI1_IRQHandler
                0x08000a50                TIM6_DAC_IRQHandler
                0x08000a50                EXTI2_3_IRQHandler
                0x08000a50                I2C2_IRQHandler
                0x08000a50                TIM17_IRQHandler
                0x08000a50                RTC_IRQHandler
                0x08000a50                TIM16_IRQHandler
                0x08000a50                TIM3_IRQHandler
                0x08000a50                RCC_IRQHandler
                0x08000a50                DMA1_Channel1_IRQHandler
                0x08000a50                Default_Handler
                0x08000a50                CEC_IRQHandler
                0x08000a50                TIM14_IRQHandler
                0x08000a50                DMA1_Channel4_5_IRQHandler
                0x08000a50                TIM15_IRQHandler
                0x08000a50                EXTI0_1_IRQHandler
                0x08000a50                SPI2_IRQHandler
                0x08000a50                SVC_Handler
                0x08000a50                TS_IRQHandler
                0x08000a50                WWDG_IRQHandler
                0x08000a50                TIM2_IRQHandler
                0x08000a50                DMA1_Channel2_3_IRQHandler
                0x08000a50                USART2_IRQHandler
                0x08000a50                FLASH_IRQHandler
                0x08000a50                TIM1_BRK_UP_TRG_COM_IRQHandler
 *fill*         0x08000a52        0x2 
 .text.I2C_Init
                0x08000a54       0xd0 ..\obj\stm32f0xx_i2c.o
                0x08000a54                I2C_Init
 .text.I2C_Cmd  0x08000b24       0x3c ..\obj\stm32f0xx_i2c.o
                0x08000b24                I2C_Cmd
 .text.I2C_TransferHandling
                0x08000b60       0x60 ..\obj\stm32f0xx_i2c.o
                0x08000b60                I2C_TransferHandling
 .text.I2C_SendData
                0x08000bc0       0x1c ..\obj\stm32f0xx_i2c.o
                0x08000bc0                I2C_SendData
 .text.I2C_ReceiveData
                0x08000bdc       0x18 ..\obj\stm32f0xx_i2c.o
                0x08000bdc                I2C_ReceiveData
 .text.I2C_GetFlagStatus
                0x08000bf4       0x4c ..\obj\stm32f0xx_i2c.o
                0x08000bf4                I2C_GetFlagStatus
 .text.I2C_ClearFlag
                0x08000c40       0x18 ..\obj\stm32f0xx_i2c.o
                0x08000c40                I2C_ClearFlag
 .text.SystemInit1
                0x08000c58       0x8c ..\obj\system_stm32f0xx_temp.o
                0x08000c58                SystemInit
                0x08000c58                SystemInit1
 .text.SetSysClock1
                0x08000ce4       0xe0 ..\obj\system_stm32f0xx_temp.o
                0x08000ce4                SetSysClock
 .text.EXTI4_15_IRQHandler
                0x08000dc4      0x164 ..\obj\amiv_irq.o
                0x08000dc4                EXTI4_15_IRQHandler
 .text.USART1_IRQHandler
                0x08000f28       0x98 ..\obj\amiv_irq.o
                0x08000f28                USART1_IRQHandler
 .text.AMIV_IRQ_Init
                0x08000fc0      0x100 ..\obj\amiv_irq.o
                0x08000fc0                AMIV_IRQ_Init
 .text.AMIV_IRQ_USART1_Enable
                0x080010c0       0x28 ..\obj\amiv_irq.o
                0x080010c0                AMIV_IRQ_USART1_Enable
 .text.GPIO_Init
                0x080010e8      0x138 ..\obj\stm32f0xx_gpio.o
                0x080010e8                GPIO_Init
 .text.GPIO_ReadInputDataBit
                0x08001220       0x48 ..\obj\stm32f0xx_gpio.o
                0x08001220                GPIO_ReadInputDataBit
 .text.GPIO_SetBits
                0x08001268       0x1c ..\obj\stm32f0xx_gpio.o
                0x08001268                GPIO_SetBits
 .text.GPIO_ResetBits
                0x08001284       0x1c ..\obj\stm32f0xx_gpio.o
                0x08001284                GPIO_ResetBits
 .text.GPIO_PinAFConfig
                0x080012a0       0x9c ..\obj\stm32f0xx_gpio.o
                0x080012a0                GPIO_PinAFConfig
 .text.AMIV_AD9984A_Init
                0x0800133c      0x1ac ..\obj\amiv_ad9984a.o
                0x0800133c                AMIV_AD9984A_Init
 .text.AMIV_ADV7511_Init
                0x080014e8       0x18 ..\obj\amiv_adv7511.o
                0x080014e8                AMIV_ADV7511_Init
 .text.AMIV_ADV7511_PowerUp
                0x08001500      0x16c ..\obj\amiv_adv7511.o
                0x08001500                AMIV_ADV7511_PowerUp
 .text.AMIV_ADV7511_DecreaseVerticalSize
                0x0800166c       0x40 ..\obj\amiv_adv7511.o
                0x0800166c                AMIV_ADV7511_DecreaseVerticalSize
 .text.USART_Init
                0x080016ac      0x160 ..\obj\stm32f0xx_usart.o
                0x080016ac                USART_Init
 .text.USART_Cmd
                0x0800180c       0x3c ..\obj\stm32f0xx_usart.o
                0x0800180c                USART_Cmd
 .text.USART_SendData
                0x08001848       0x24 ..\obj\stm32f0xx_usart.o
                0x08001848                USART_SendData
 .text.USART_ReceiveData
                0x0800186c       0x1c ..\obj\stm32f0xx_usart.o
                0x0800186c                USART_ReceiveData
 .text.USART_ITConfig
                0x08001888       0x84 ..\obj\stm32f0xx_usart.o
                0x08001888                USART_ITConfig
 .text.USART_GetFlagStatus
                0x0800190c       0x3c ..\obj\stm32f0xx_usart.o
                0x0800190c                USART_GetFlagStatus
 .text.USART_GetITStatus
                0x08001948       0xb4 ..\obj\stm32f0xx_usart.o
                0x08001948                USART_GetITStatus
 .text.AMIV_I2C_GetSlaveAddress
                0x080019fc       0x40 ..\obj\amiv_i2c.o
 .text.AMIV_I2C_Init
                0x08001a3c       0x6c ..\obj\amiv_i2c.o
                0x08001a3c                AMIV_I2C_Init
 .text.AMIV_I2C_WR_Reg
                0x08001aa8       0xf0 ..\obj\amiv_i2c.o
                0x08001aa8                AMIV_I2C_WR_Reg
 .text.AMIV_I2C_RD_Reg
                0x08001b98       0xf4 ..\obj\amiv_i2c.o
                0x08001b98                AMIV_I2C_RD_Reg
 .text.AMIV_I2C_RMW_Reg
                0x08001c8c       0x48 ..\obj\amiv_i2c.o
                0x08001c8c                AMIV_I2C_RMW_Reg
 .text.AMIV_I2C_ChangeSlave
                0x08001cd4       0x20 ..\obj\amiv_i2c.o
                0x08001cd4                AMIV_I2C_ChangeSlave
 .text.AMIV_I2C_GetActiveSlave
                0x08001cf4       0x20 ..\obj\amiv_i2c.o
                0x08001cf4                AMIV_I2C_GetActiveSlave
 .text.EXTI_Init
                0x08001d14       0xd8 ..\obj\stm32f0xx_exti.o
                0x08001d14                EXTI_Init
 .text.EXTI_GetITStatus
                0x08001dec       0x40 ..\obj\stm32f0xx_exti.o
                0x08001dec                EXTI_GetITStatus
 .text.EXTI_ClearITPendingBit
                0x08001e2c       0x18 ..\obj\stm32f0xx_exti.o
                0x08001e2c                EXTI_ClearITPendingBit
 .text.SYSCFG_EXTILineConfig
                0x08001e44       0x90 ..\obj\stm32f0xx_syscfg.o
                0x08001e44                SYSCFG_EXTILineConfig
 .text.AMIV_CONFIG_Init
                0x08001ed4        0xc ..\obj\amiv_config.o
                0x08001ed4                AMIV_CONFIG_Init
 .text.AMIV_CONFIG_I2C
                0x08001ee0       0x58 ..\obj\amiv_config.o
                0x08001ee0                AMIV_CONFIG_I2C
 .text.AMIV_CONFIG_UART
                0x08001f38       0x54 ..\obj\amiv_config.o
                0x08001f38                AMIV_CONFIG_UART
 .text.AMIV_CONFIG_GPIO
                0x08001f8c       0xc0 ..\obj\amiv_config.o
                0x08001f8c                AMIV_CONFIG_GPIO
 .text.AMIV_CONFIG_LED
                0x0800204c       0x3c ..\obj\amiv_config.o
                0x0800204c                AMIV_CONFIG_LED
 .text.AMIV_UTIL_strlen
                0x08002088       0x38 ..\obj\amiv_util.o
                0x08002088                AMIV_UTIL_strlen
 .text.AMIV_UTIL_itoahex
                0x080020c0       0x80 ..\obj\amiv_util.o
                0x080020c0                AMIV_UTIL_itoahex
 .text.AMIV_UTIL_atoi
                0x08002140       0x3c ..\obj\amiv_util.o
                0x08002140                AMIV_UTIL_atoi
 .text.AMIV_UTIL_atox
                0x0800217c       0x70 ..\obj\amiv_util.o
                0x0800217c                AMIV_UTIL_atox
 .text.AMIV_UTIL_memset
                0x080021ec       0x3c ..\obj\amiv_util.o
                0x080021ec                AMIV_UTIL_memset
 .text.NVIC_Init
                0x08002228       0xac ..\obj\stm32f0xx_misc.o
                0x08002228                NVIC_Init
 .text          0x080022d4       0x9c c:/program files (x86)/gnu tools arm embedded/4.8 2014q3/bin/../lib/gcc/arm-none-eabi/4.8.4/armv6-m\libgcc.a(_udivsi3.o)
                0x080022d4                __aeabi_uidiv
                0x080022d4                __udivsi3
                0x0800235c                __aeabi_uidivmod
 .text          0x08002370        0x4 c:/program files (x86)/gnu tools arm embedded/4.8 2014q3/bin/../lib/gcc/arm-none-eabi/4.8.4/armv6-m\libgcc.a(_dvmd_tls.o)
                0x08002370                __aeabi_idiv0
                0x08002370                __aeabi_ldiv0
 *(.init)
 *(.fini)
 *crtbegin.o(.ctors)
 *crtbegin?.o(.ctors)
 *(EXCLUDE_FILE(*crtend.o *crtend?.o) .ctors)
 *(SORT(.ctors.*))
 *(.ctors)
 *crtbegin.o(.dtors)
 *crtbegin?.o(.dtors)
 *(EXCLUDE_FILE(*crtend.o *crtend?.o) .dtors)
 *(SORT(.dtors.*))
 *(.dtors)
 *(.rodata*)
 .rodata        0x08002374       0x14 ..\obj\amiv_main.o
 .rodata        0x08002388      0x13c ..\obj\amiv_cmd.o
 .rodata        0x080024c4       0xa0 ..\obj\amiv_irq.o
 .rodata        0x08002564       0xf0 ..\obj\amiv_adv7511.o
 .rodata        0x08002654       0x3c ..\obj\amiv_i2c.o
 .rodata        0x08002690       0x14 ..\obj\amiv_util.o
 *(.eh_fram e*)

.glue_7         0x080026a4        0x0
 .glue_7        0x00000000        0x0 linker stubs

.glue_7t        0x080026a4        0x0
 .glue_7t       0x00000000        0x0 linker stubs

.vfp11_veneer   0x080026a4        0x0
 .vfp11_veneer  0x00000000        0x0 linker stubs

.v4_bx          0x080026a4        0x0
 .v4_bx         0x00000000        0x0 linker stubs

.iplt           0x080026a4        0x0
 .iplt          0x00000000        0x0 ..\obj\amiv_uart.o

.rel.dyn        0x080026a4        0x0
 .rel.iplt      0x00000000        0x0 ..\obj\amiv_uart.o

.ARM.extab
 *(.ARM.extab* .gnu.linkonce.armextab.*)
                0x080026a4                __exidx_start = .

.ARM.exidx
 *(.ARM.exidx* .gnu.linkonce.armexidx.*)
                0x080026a4                __exidx_end = .
                0x080026a4                __etext = .
                0x080026a4                _sidata = __etext

.data           0x20000000       0x44 load address 0x080026a4
                0x20000000                __data_start__ = .
                0x20000000                _sdata = __data_start__
 *(vtable)
 *(.data*)
 .data          0x20000000       0x10 ..\obj\stm32f0xx_rcc.o
 .data          0x20000010       0x20 ..\obj\amiv_adv7511.o
                0x20000010                AMIV_ADV7511_ErrorStrings
 .data          0x20000030       0x14 ..\obj\amiv_i2c.o
                0x20000030                SlaveString
                0x20000044                . = ALIGN (0x4)
                0x20000044                PROVIDE (__preinit_array_start, .)
 *(.preinit_array)
                0x20000044                PROVIDE (__preinit_array_end, .)
                0x20000044                . = ALIGN (0x4)
                0x20000044                PROVIDE (__init_array_start, .)
 *(SORT(.init_array.*))
 *(.init_array)
                0x20000044                PROVIDE (__init_array_end, .)
                0x20000044                . = ALIGN (0x4)
                0x20000044                PROVIDE (__fini_array_start, .)
 *(SORT(.fini_array.*))
 *(.fini_array)
                0x20000044                PROVIDE (__fini_array_end, .)
 *(.jcr*)
                0x20000044                . = ALIGN (0x4)
                0x20000044                __data_end__ = .
                0x20000044                _edata = __data_end__

.igot.plt       0x20000044        0x0 load address 0x080026e8
 .igot.plt      0x00000000        0x0 ..\obj\amiv_uart.o

.bss            0x20000044       0x5c load address 0x080026e8
                0x20000044                . = ALIGN (0x4)
                0x20000044                __bss_start__ = .
                0x20000044                _sbss = __bss_start__
 *(.bss*)
 .bss           0x20000044        0x1 ..\obj\amiv_cmd.o
 *fill*         0x20000045        0x1 
 .bss           0x20000046        0x2 ..\obj\amiv_adv7511.o
                0x20000046                VerticalSize
 .bss           0x20000048        0x1 ..\obj\amiv_i2c.o
                0x20000048                ActiveSlave
 *fill*         0x20000049        0x3 
 .bss           0x2000004c       0x30 ..\obj\amiv_util.o
 *(COMMON)
 COMMON         0x2000007c       0x21 ..\obj\amiv_uart.o
                0x2000007c                AMIV_UART_Command
                0x2000009c                AMIV_UART_CommandCnt
                0x200000a0                . = ALIGN (0x4)
 *fill*         0x2000009d        0x3 
                0x200000a0                __bss_end__ = .
                0x200000a0                _ebss = __bss_end__

.heap           0x200000a0        0x0
                0x200000a0                __end__ = .
                0x200000a0                _end = __end__
                0x200000a0                end = __end__
 *(.heap*)
                0x200000a0                __HeapLimit = .

.co_stack       0x200000a0        0x0
                0x200000a0                . = ALIGN (0x8)
 *(.co_stack .co_stack.*)
                0x20001000                __StackTop = (ORIGIN (ram) + 0x1000)
                0x20001000                __StackLimit = (__StackTop - SIZEOF (.co_stack))
                0x20001000                PROVIDE (__stack, __StackTop)
                0x00000001                ASSERT ((__StackLimit >= __HeapLimit), region ram  overflowed with stack)
LOAD ..\obj\amiv_uart.o
LOAD ..\obj\amiv_main.o
LOAD ..\obj\stm32f0xx_rcc.o
LOAD ..\obj\amiv_cmd.o
LOAD ..\obj\startup_stm32f0xx.o
LOAD ..\obj\stm32f0xx_i2c.o
LOAD ..\obj\system_stm32f0xx_temp.o
LOAD ..\obj\amiv_irq.o
LOAD ..\obj\stm32f0xx_gpio.o
LOAD ..\obj\amiv_ad9984a.o
LOAD ..\obj\amiv_adv7511.o
LOAD ..\obj\stm32f0xx_usart.o
LOAD ..\obj\amiv_i2c.o
LOAD ..\obj\stm32f0xx_exti.o
LOAD ..\obj\stm32f0xx_syscfg.o
LOAD ..\obj\amiv_config.o
LOAD ..\obj\amiv_util.o
LOAD ..\obj\stm32f0xx_misc.o
START GROUP
LOAD c:/program files (x86)/gnu tools arm embedded/4.8 2014q3/bin/../lib/gcc/arm-none-eabi/4.8.4/armv6-m\libgcc.a
LOAD c:/program files (x86)/gnu tools arm embedded/4.8 2014q3/bin/../lib/gcc/arm-none-eabi/4.8.4/../../../../arm-none-eabi/lib/armv6-m\libg.a
LOAD c:/program files (x86)/gnu tools arm embedded/4.8 2014q3/bin/../lib/gcc/arm-none-eabi/4.8.4/../../../../arm-none-eabi/lib/armv6-m\libc.a
END GROUP
OUTPUT(amiv.elf elf32-littlearm)

.debug_info     0x00000000     0x4e90
 .debug_info    0x00000000      0x30a ..\obj\amiv_uart.o
 .debug_info    0x0000030a      0x268 ..\obj\amiv_main.o
 .debug_info    0x00000572      0x9b8 ..\obj\stm32f0xx_rcc.o
 .debug_info    0x00000f2a      0x1b5 ..\obj\amiv_cmd.o
 .debug_info    0x000010df       0x80 ..\obj\startup_stm32f0xx.o
 .debug_info    0x0000115f      0xbb3 ..\obj\stm32f0xx_i2c.o
 .debug_info    0x00001d12      0x2ef ..\obj\system_stm32f0xx_temp.o
 .debug_info    0x00002001      0x58d ..\obj\amiv_irq.o
 .debug_info    0x0000258e      0x5cf ..\obj\stm32f0xx_gpio.o
 .debug_info    0x00002b5d       0xd4 ..\obj\amiv_ad9984a.o
 .debug_info    0x00002c31      0x1e4 ..\obj\amiv_adv7511.o
 .debug_info    0x00002e15      0xe2e ..\obj\stm32f0xx_usart.o
 .debug_info    0x00003c43      0x377 ..\obj\amiv_i2c.o
 .debug_info    0x00003fba      0x30d ..\obj\stm32f0xx_exti.o
 .debug_info    0x000042c7      0x2a7 ..\obj\stm32f0xx_syscfg.o
 .debug_info    0x0000456e      0x338 ..\obj\amiv_config.o
 .debug_info    0x000048a6      0x280 ..\obj\amiv_util.o
 .debug_info    0x00004b26      0x36a ..\obj\stm32f0xx_misc.o

.debug_abbrev   0x00000000     0x1531
 .debug_abbrev  0x00000000      0x145 ..\obj\amiv_uart.o
 .debug_abbrev  0x00000145       0xe3 ..\obj\amiv_main.o
 .debug_abbrev  0x00000228      0x1ec ..\obj\stm32f0xx_rcc.o
 .debug_abbrev  0x00000414       0xb1 ..\obj\amiv_cmd.o
 .debug_abbrev  0x000004c5       0x12 ..\obj\startup_stm32f0xx.o
 .debug_abbrev  0x000004d7      0x185 ..\obj\stm32f0xx_i2c.o
 .debug_abbrev  0x0000065c      0x134 ..\obj\system_stm32f0xx_temp.o
 .debug_abbrev  0x00000790      0x189 ..\obj\amiv_irq.o
 .debug_abbrev  0x00000919      0x19b ..\obj\stm32f0xx_gpio.o
 .debug_abbrev  0x00000ab4       0x74 ..\obj\amiv_ad9984a.o
 .debug_abbrev  0x00000b28      0x100 ..\obj\amiv_adv7511.o
 .debug_abbrev  0x00000c28      0x15c ..\obj\stm32f0xx_usart.o
 .debug_abbrev  0x00000d84      0x1b1 ..\obj\amiv_i2c.o
 .debug_abbrev  0x00000f35      0x192 ..\obj\stm32f0xx_exti.o
 .debug_abbrev  0x000010c7      0x147 ..\obj\stm32f0xx_syscfg.o
 .debug_abbrev  0x0000120e      0x10f ..\obj\amiv_config.o
 .debug_abbrev  0x0000131d       0xd1 ..\obj\amiv_util.o
 .debug_abbrev  0x000013ee      0x143 ..\obj\stm32f0xx_misc.o

.debug_aranges  0x00000000      0x808
 .debug_aranges
                0x00000000       0x40 ..\obj\amiv_uart.o
 .debug_aranges
                0x00000040       0x20 ..\obj\amiv_main.o
 .debug_aranges
                0x00000060      0x150 ..\obj\stm32f0xx_rcc.o
 .debug_aranges
                0x000001b0       0x20 ..\obj\amiv_cmd.o
 .debug_aranges
                0x000001d0       0x28 ..\obj\startup_stm32f0xx.o
 .debug_aranges
                0x000001f8      0x168 ..\obj\stm32f0xx_i2c.o
 .debug_aranges
                0x00000360       0x30 ..\obj\system_stm32f0xx_temp.o
 .debug_aranges
                0x00000390       0x38 ..\obj\amiv_irq.o
 .debug_aranges
                0x000003c8       0x80 ..\obj\stm32f0xx_gpio.o
 .debug_aranges
                0x00000448       0x20 ..\obj\amiv_ad9984a.o
 .debug_aranges
                0x00000468       0x48 ..\obj\amiv_adv7511.o
 .debug_aranges
                0x000004b0      0x1a0 ..\obj\stm32f0xx_usart.o
 .debug_aranges
                0x00000650       0x50 ..\obj\amiv_i2c.o
 .debug_aranges
                0x000006a0       0x58 ..\obj\stm32f0xx_exti.o
 .debug_aranges
                0x000006f8       0x58 ..\obj\stm32f0xx_syscfg.o
 .debug_aranges
                0x00000750       0x40 ..\obj\amiv_config.o
 .debug_aranges
                0x00000790       0x48 ..\obj\amiv_util.o
 .debug_aranges
                0x000007d8       0x30 ..\obj\stm32f0xx_misc.o

.debug_ranges   0x00000000      0x6f0
 .debug_ranges  0x00000000       0x30 ..\obj\amiv_uart.o
 .debug_ranges  0x00000030       0x10 ..\obj\amiv_main.o
 .debug_ranges  0x00000040      0x140 ..\obj\stm32f0xx_rcc.o
 .debug_ranges  0x00000180       0x10 ..\obj\amiv_cmd.o
 .debug_ranges  0x00000190       0x20 ..\obj\startup_stm32f0xx.o
 .debug_ranges  0x000001b0      0x158 ..\obj\stm32f0xx_i2c.o
 .debug_ranges  0x00000308       0x20 ..\obj\system_stm32f0xx_temp.o
 .debug_ranges  0x00000328       0x28 ..\obj\amiv_irq.o
 .debug_ranges  0x00000350       0x70 ..\obj\stm32f0xx_gpio.o
 .debug_ranges  0x000003c0       0x10 ..\obj\amiv_ad9984a.o
 .debug_ranges  0x000003d0       0x38 ..\obj\amiv_adv7511.o
 .debug_ranges  0x00000408      0x190 ..\obj\stm32f0xx_usart.o
 .debug_ranges  0x00000598       0x40 ..\obj\amiv_i2c.o
 .debug_ranges  0x000005d8       0x48 ..\obj\stm32f0xx_exti.o
 .debug_ranges  0x00000620       0x48 ..\obj\stm32f0xx_syscfg.o
 .debug_ranges  0x00000668       0x30 ..\obj\amiv_config.o
 .debug_ranges  0x00000698       0x38 ..\obj\amiv_util.o
 .debug_ranges  0x000006d0       0x20 ..\obj\stm32f0xx_misc.o

.debug_line     0x00000000     0x2b31
 .debug_line    0x00000000      0x1e1 ..\obj\amiv_uart.o
 .debug_line    0x000001e1      0x264 ..\obj\amiv_main.o
 .debug_line    0x00000445      0x4d7 ..\obj\stm32f0xx_rcc.o
 .debug_line    0x0000091c      0x1b2 ..\obj\amiv_cmd.o
 .debug_line    0x00000ace       0x9b ..\obj\startup_stm32f0xx.o
 .debug_line    0x00000b69      0x4fc ..\obj\stm32f0xx_i2c.o
 .debug_line    0x00001065      0x1a9 ..\obj\system_stm32f0xx_temp.o
 .debug_line    0x0000120e      0x23f ..\obj\amiv_irq.o
 .debug_line    0x0000144d      0x2ae ..\obj\stm32f0xx_gpio.o
 .debug_line    0x000016fb       0xa9 ..\obj\amiv_ad9984a.o
 .debug_line    0x000017a4      0x1c2 ..\obj\amiv_adv7511.o
 .debug_line    0x00001966      0x599 ..\obj\stm32f0xx_usart.o
 .debug_line    0x00001eff      0x25e ..\obj\amiv_i2c.o
 .debug_line    0x0000215d      0x229 ..\obj\stm32f0xx_exti.o
 .debug_line    0x00002386      0x1ed ..\obj\stm32f0xx_syscfg.o
 .debug_line    0x00002573      0x1e6 ..\obj\amiv_config.o
 .debug_line    0x00002759      0x1f0 ..\obj\amiv_util.o
 .debug_line    0x00002949      0x1e8 ..\obj\stm32f0xx_misc.o

.debug_str      0x00000000     0x220c
 .debug_str     0x00000000      0x29d ..\obj\amiv_uart.o
                                0x2ff (size before relaxing)
 .debug_str     0x0000029d      0x173 ..\obj\amiv_main.o
                                0x2f3 (size before relaxing)
 .debug_str     0x00000410      0x57f ..\obj\stm32f0xx_rcc.o
                                0x71c (size before relaxing)
 .debug_str     0x0000098f       0xd2 ..\obj\amiv_cmd.o
                                0x233 (size before relaxing)
 .debug_str     0x00000a61      0x474 ..\obj\stm32f0xx_i2c.o
                                0x620 (size before relaxing)
 .debug_str     0x00000ed5       0x9a ..\obj\system_stm32f0xx_temp.o
                                0x282 (size before relaxing)
 .debug_str     0x00000f6f      0x47c ..\obj\amiv_irq.o
                                0x70e (size before relaxing)
 .debug_str     0x000013eb      0x163 ..\obj\stm32f0xx_gpio.o
                                0x472 (size before relaxing)
 .debug_str     0x0000154e       0x41 ..\obj\amiv_ad9984a.o
                                0x1f4 (size before relaxing)
 .debug_str     0x0000158f       0xd1 ..\obj\amiv_adv7511.o
                                0x2d9 (size before relaxing)
 .debug_str     0x00001660      0x652 ..\obj\stm32f0xx_usart.o
                                0x939 (size before relaxing)
 .debug_str     0x00001cb2       0xe2 ..\obj\amiv_i2c.o
                                0x385 (size before relaxing)
 .debug_str     0x00001d94       0xe8 ..\obj\stm32f0xx_exti.o
                                0x315 (size before relaxing)
 .debug_str     0x00001e7c      0x180 ..\obj\stm32f0xx_syscfg.o
                                0x301 (size before relaxing)
 .debug_str     0x00001ffc       0x74 ..\obj\amiv_config.o
                                0x387 (size before relaxing)
 .debug_str     0x00002070       0x95 ..\obj\amiv_util.o
                                0x1f3 (size before relaxing)
 .debug_str     0x00002105      0x107 ..\obj\stm32f0xx_misc.o
                                0x2dc (size before relaxing)

.comment        0x00000000       0x70
 .comment       0x00000000       0x70 ..\obj\amiv_uart.o
                                 0x71 (size before relaxing)
 .comment       0x00000000       0x71 ..\obj\amiv_main.o
 .comment       0x00000000       0x71 ..\obj\stm32f0xx_rcc.o
 .comment       0x00000000       0x71 ..\obj\amiv_cmd.o
 .comment       0x00000000       0x71 ..\obj\stm32f0xx_i2c.o
 .comment       0x00000000       0x71 ..\obj\system_stm32f0xx_temp.o
 .comment       0x00000000       0x71 ..\obj\amiv_irq.o
 .comment       0x00000000       0x71 ..\obj\stm32f0xx_gpio.o
 .comment       0x00000000       0x71 ..\obj\amiv_ad9984a.o
 .comment       0x00000000       0x71 ..\obj\amiv_adv7511.o
 .comment       0x00000000       0x71 ..\obj\stm32f0xx_usart.o
 .comment       0x00000000       0x71 ..\obj\amiv_i2c.o
 .comment       0x00000000       0x71 ..\obj\stm32f0xx_exti.o
 .comment       0x00000000       0x71 ..\obj\stm32f0xx_syscfg.o
 .comment       0x00000000       0x71 ..\obj\amiv_config.o
 .comment       0x00000000       0x71 ..\obj\amiv_util.o
 .comment       0x00000000       0x71 ..\obj\stm32f0xx_misc.o

.ARM.attributes
                0x00000000       0x2f
 .ARM.attributes
                0x00000000       0x31 ..\obj\amiv_uart.o
 .ARM.attributes
                0x00000031       0x31 ..\obj\amiv_main.o
 .ARM.attributes
                0x00000062       0x31 ..\obj\stm32f0xx_rcc.o
 .ARM.attributes
                0x00000093       0x31 ..\obj\amiv_cmd.o
 .ARM.attributes
                0x000000c4       0x21 ..\obj\startup_stm32f0xx.o
 .ARM.attributes
                0x000000e5       0x31 ..\obj\stm32f0xx_i2c.o
 .ARM.attributes
                0x00000116       0x31 ..\obj\system_stm32f0xx_temp.o
 .ARM.attributes
                0x00000147       0x31 ..\obj\amiv_irq.o
 .ARM.attributes
                0x00000178       0x31 ..\obj\stm32f0xx_gpio.o
 .ARM.attributes
                0x000001a9       0x31 ..\obj\amiv_ad9984a.o
 .ARM.attributes
                0x000001da       0x31 ..\obj\amiv_adv7511.o
 .ARM.attributes
                0x0000020b       0x31 ..\obj\stm32f0xx_usart.o
 .ARM.attributes
                0x0000023c       0x31 ..\obj\amiv_i2c.o
 .ARM.attributes
                0x0000026d       0x31 ..\obj\stm32f0xx_exti.o
 .ARM.attributes
                0x0000029e       0x31 ..\obj\stm32f0xx_syscfg.o
 .ARM.attributes
                0x000002cf       0x31 ..\obj\amiv_config.o
 .ARM.attributes
                0x00000300       0x31 ..\obj\amiv_util.o
 .ARM.attributes
                0x00000331       0x31 ..\obj\stm32f0xx_misc.o
 .ARM.attributes
                0x00000362       0x1e c:/program files (x86)/gnu tools arm embedded/4.8 2014q3/bin/../lib/gcc/arm-none-eabi/4.8.4/armv6-m\libgcc.a(_udivsi3.o)
 .ARM.attributes
                0x00000380       0x1e c:/program files (x86)/gnu tools arm embedded/4.8 2014q3/bin/../lib/gcc/arm-none-eabi/4.8.4/armv6-m\libgcc.a(_dvmd_tls.o)

.debug_frame    0x00000000     0x1a24
 .debug_frame   0x00000000       0xa8 ..\obj\amiv_uart.o
 .debug_frame   0x000000a8       0x30 ..\obj\amiv_main.o
 .debug_frame   0x000000d8      0x4e4 ..\obj\stm32f0xx_rcc.o
 .debug_frame   0x000005bc       0x30 ..\obj\amiv_cmd.o
 .debug_frame   0x000005ec      0x550 ..\obj\stm32f0xx_i2c.o
 .debug_frame   0x00000b3c       0x6c ..\obj\system_stm32f0xx_temp.o
 .debug_frame   0x00000ba8       0x90 ..\obj\amiv_irq.o
 .debug_frame   0x00000c38      0x1b0 ..\obj\stm32f0xx_gpio.o
 .debug_frame   0x00000de8       0x30 ..\obj\amiv_ad9984a.o
 .debug_frame   0x00000e18       0xc4 ..\obj\amiv_adv7511.o
 .debug_frame   0x00000edc      0x630 ..\obj\stm32f0xx_usart.o
 .debug_frame   0x0000150c       0xec ..\obj\amiv_i2c.o
 .debug_frame   0x000015f8      0x10c ..\obj\stm32f0xx_exti.o
 .debug_frame   0x00001704      0x110 ..\obj\stm32f0xx_syscfg.o
 .debug_frame   0x00001814       0xb0 ..\obj\amiv_config.o
 .debug_frame   0x000018c4       0xd0 ..\obj\amiv_util.o
 .debug_frame   0x00001994       0x70 ..\obj\stm32f0xx_misc.o
 .debug_frame   0x00001a04       0x20 c:/program files (x86)/gnu tools arm embedded/4.8 2014q3/bin/../lib/gcc/arm-none-eabi/4.8.4/armv6-m\libgcc.a(_udivsi3.o)
