Archive member included because of file (symbol)

c:/program files (x86)/gnu tools arm embedded/4.8 2014q3/bin/../lib/gcc/arm-none-eabi/4.8.4/armv6-m\libgcc.a(_udivsi3.o)
                              ..\obj\stm32f0xx_rcc.o (__aeabi_uidiv)
c:/program files (x86)/gnu tools arm embedded/4.8 2014q3/bin/../lib/gcc/arm-none-eabi/4.8.4/armv6-m\libgcc.a(_divsi3.o)
                              ..\obj\amiv_util.o (__aeabi_idiv)
c:/program files (x86)/gnu tools arm embedded/4.8 2014q3/bin/../lib/gcc/arm-none-eabi/4.8.4/armv6-m\libgcc.a(_dvmd_tls.o)
                              c:/program files (x86)/gnu tools arm embedded/4.8 2014q3/bin/../lib/gcc/arm-none-eabi/4.8.4/armv6-m\libgcc.a(_udivsi3.o) (__aeabi_idiv0)
c:/program files (x86)/gnu tools arm embedded/4.8 2014q3/bin/../lib/gcc/arm-none-eabi/4.8.4/../../../../arm-none-eabi/lib/armv6-m\libg.a(lib_a-memcpy-stub.o)
                              ..\obj\amiv_button.o (memcpy)

Allocating common symbols
Common symbol       size              file

gButtonConfig       0x4d              ..\obj\amiv_button.o
gArray_p            0x310             ..\obj\amiv_button.o
gButtonState        0x1               ..\obj\amiv_button.o
AMIV_UART_Command   0x20              ..\obj\amiv_uart.o
AMIV_ADV7511_EDID   0x101             ..\obj\amiv_adv7511.o
gButton             0x1               ..\obj\amiv_button.o
gButtonCntPress     0x4               ..\obj\amiv_button.o
AMIV_UART_CommandCnt
                    0x1               ..\obj\amiv_uart.o

Discarded input sections

 .text          0x00000000        0x0 ..\obj\amiv_uart.o
 .data          0x00000000        0x0 ..\obj\amiv_uart.o
 .bss           0x00000000        0x0 ..\obj\amiv_uart.o
 .text          0x00000000        0x0 ..\obj\amiv_main.o
 .data          0x00000000        0x0 ..\obj\amiv_main.o
 .bss           0x00000000        0x0 ..\obj\amiv_main.o
 .text          0x00000000        0x0 ..\obj\stm32f0xx_rcc.o
 .bss           0x00000000        0x0 ..\obj\stm32f0xx_rcc.o
 .text.RCC_DeInit
                0x00000000       0x88 ..\obj\stm32f0xx_rcc.o
 .text.RCC_HSEConfig
                0x00000000       0x24 ..\obj\stm32f0xx_rcc.o
 .text.RCC_WaitForHSEStartUp
                0x00000000       0x60 ..\obj\stm32f0xx_rcc.o
 .text.RCC_AdjustHSICalibrationValue
                0x00000000       0x3c ..\obj\stm32f0xx_rcc.o
 .text.RCC_HSICmd
                0x00000000       0x38 ..\obj\stm32f0xx_rcc.o
 .text.RCC_AdjustHSI14CalibrationValue
                0x00000000       0x3c ..\obj\stm32f0xx_rcc.o
 .text.RCC_HSI14Cmd
                0x00000000       0x38 ..\obj\stm32f0xx_rcc.o
 .text.RCC_HSI14ADCRequestCmd
                0x00000000       0x38 ..\obj\stm32f0xx_rcc.o
 .text.RCC_LSEConfig
                0x00000000       0x38 ..\obj\stm32f0xx_rcc.o
 .text.RCC_LSEDriveConfig
                0x00000000       0x2c ..\obj\stm32f0xx_rcc.o
 .text.RCC_LSICmd
                0x00000000       0x38 ..\obj\stm32f0xx_rcc.o
 .text.RCC_PLLConfig
                0x00000000       0x34 ..\obj\stm32f0xx_rcc.o
 .text.RCC_PLLCmd
                0x00000000       0x40 ..\obj\stm32f0xx_rcc.o
 .text.RCC_PREDIV1Config
                0x00000000       0x34 ..\obj\stm32f0xx_rcc.o
 .text.RCC_ClockSecuritySystemCmd
                0x00000000       0x40 ..\obj\stm32f0xx_rcc.o
 .text.RCC_MCOConfig
                0x00000000       0x44 ..\obj\stm32f0xx_rcc.o
 .text.RCC_SYSCLKConfig
                0x00000000       0x34 ..\obj\stm32f0xx_rcc.o
 .text.RCC_GetSYSCLKSource
                0x00000000       0x1c ..\obj\stm32f0xx_rcc.o
 .text.RCC_HCLKConfig
                0x00000000       0x34 ..\obj\stm32f0xx_rcc.o
 .text.RCC_PCLKConfig
                0x00000000       0x38 ..\obj\stm32f0xx_rcc.o
 .text.RCC_ADCCLKConfig
                0x00000000       0x50 ..\obj\stm32f0xx_rcc.o
 .text.RCC_CECCLKConfig
                0x00000000       0x2c ..\obj\stm32f0xx_rcc.o
 .text.RCC_USARTCLKConfig
                0x00000000       0x2c ..\obj\stm32f0xx_rcc.o
 .text.RCC_RTCCLKConfig
                0x00000000       0x20 ..\obj\stm32f0xx_rcc.o
 .text.RCC_RTCCLKCmd
                0x00000000       0x40 ..\obj\stm32f0xx_rcc.o
 .text.RCC_BackupResetCmd
                0x00000000       0x40 ..\obj\stm32f0xx_rcc.o
 .text.RCC_AHBPeriphResetCmd
                0x00000000       0x3c ..\obj\stm32f0xx_rcc.o
 .text.RCC_APB2PeriphResetCmd
                0x00000000       0x3c ..\obj\stm32f0xx_rcc.o
 .text.RCC_APB1PeriphResetCmd
                0x00000000       0x3c ..\obj\stm32f0xx_rcc.o
 .text.RCC_ITConfig
                0x00000000       0x50 ..\obj\stm32f0xx_rcc.o
 .text.RCC_GetFlagStatus
                0x00000000       0x90 ..\obj\stm32f0xx_rcc.o
 .text.RCC_ClearFlag
                0x00000000       0x1c ..\obj\stm32f0xx_rcc.o
 .text.RCC_GetITStatus
                0x00000000       0x44 ..\obj\stm32f0xx_rcc.o
 .text.RCC_ClearITPendingBit
                0x00000000       0x20 ..\obj\stm32f0xx_rcc.o
 .text          0x00000000        0x0 ..\obj\amiv_cmd.o
 .data          0x00000000        0x0 ..\obj\amiv_cmd.o
 .bss           0x00000000        0x0 ..\obj\amiv_cmd.o
 .text          0x00000000       0x14 ..\obj\startup_stm32f0xx.o
 .data          0x00000000        0x0 ..\obj\startup_stm32f0xx.o
 .bss           0x00000000        0x0 ..\obj\startup_stm32f0xx.o
 .text          0x00000000        0x0 ..\obj\amiv_flash.o
 .data          0x00000000        0x0 ..\obj\amiv_flash.o
 .bss           0x00000000        0x0 ..\obj\amiv_flash.o
 .text          0x00000000        0x0 ..\obj\stm32f0xx_i2c.o
 .data          0x00000000        0x0 ..\obj\stm32f0xx_i2c.o
 .bss           0x00000000        0x0 ..\obj\stm32f0xx_i2c.o
 .text.I2C_DeInit
                0x00000000       0x4c ..\obj\stm32f0xx_i2c.o
 .text.I2C_StructInit
                0x00000000       0x3c ..\obj\stm32f0xx_i2c.o
 .text.I2C_SoftwareResetCmd
                0x00000000       0x30 ..\obj\stm32f0xx_i2c.o
 .text.I2C_ITConfig
                0x00000000       0x38 ..\obj\stm32f0xx_i2c.o
 .text.I2C_StretchClockCmd
                0x00000000       0x3c ..\obj\stm32f0xx_i2c.o
 .text.I2C_StopModeCmd
                0x00000000       0x3c ..\obj\stm32f0xx_i2c.o
 .text.I2C_DualAddressCmd
                0x00000000       0x3c ..\obj\stm32f0xx_i2c.o
 .text.I2C_OwnAddress2Config
                0x00000000       0x50 ..\obj\stm32f0xx_i2c.o
 .text.I2C_GeneralCallCmd
                0x00000000       0x3c ..\obj\stm32f0xx_i2c.o
 .text.I2C_SlaveByteControlCmd
                0x00000000       0x3c ..\obj\stm32f0xx_i2c.o
 .text.I2C_SlaveAddressConfig
                0x00000000       0x3c ..\obj\stm32f0xx_i2c.o
 .text.I2C_10BitAddressingModeCmd
                0x00000000       0x3c ..\obj\stm32f0xx_i2c.o
 .text.I2C_AutoEndCmd
                0x00000000       0x3c ..\obj\stm32f0xx_i2c.o
 .text.I2C_ReloadCmd
                0x00000000       0x3c ..\obj\stm32f0xx_i2c.o
 .text.I2C_NumberOfBytesConfig
                0x00000000       0x44 ..\obj\stm32f0xx_i2c.o
 .text.I2C_MasterRequestConfig
                0x00000000       0x3c ..\obj\stm32f0xx_i2c.o
 .text.I2C_GenerateSTART
                0x00000000       0x3c ..\obj\stm32f0xx_i2c.o
 .text.I2C_GenerateSTOP
                0x00000000       0x3c ..\obj\stm32f0xx_i2c.o
 .text.I2C_10BitAddressHeaderCmd
                0x00000000       0x3c ..\obj\stm32f0xx_i2c.o
 .text.I2C_AcknowledgeConfig
                0x00000000       0x3c ..\obj\stm32f0xx_i2c.o
 .text.I2C_GetAddressMatched
                0x00000000       0x20 ..\obj\stm32f0xx_i2c.o
 .text.I2C_GetTransferDirection
                0x00000000       0x48 ..\obj\stm32f0xx_i2c.o
 .text.I2C_SMBusAlertCmd
                0x00000000       0x3c ..\obj\stm32f0xx_i2c.o
 .text.I2C_ClockTimeoutCmd
                0x00000000       0x3c ..\obj\stm32f0xx_i2c.o
 .text.I2C_ExtendedClockTimeoutCmd
                0x00000000       0x38 ..\obj\stm32f0xx_i2c.o
 .text.I2C_IdleClockTimeoutCmd
                0x00000000       0x3c ..\obj\stm32f0xx_i2c.o
 .text.I2C_TimeoutAConfig
                0x00000000       0x3c ..\obj\stm32f0xx_i2c.o
 .text.I2C_TimeoutBConfig
                0x00000000       0x44 ..\obj\stm32f0xx_i2c.o
 .text.I2C_CalculatePEC
                0x00000000       0x3c ..\obj\stm32f0xx_i2c.o
 .text.I2C_PECRequestCmd
                0x00000000       0x3c ..\obj\stm32f0xx_i2c.o
 .text.I2C_GetPEC
                0x00000000       0x18 ..\obj\stm32f0xx_i2c.o
 .text.I2C_ReadRegister
                0x00000000       0x2c ..\obj\stm32f0xx_i2c.o
 .text.I2C_DMACmd
                0x00000000       0x38 ..\obj\stm32f0xx_i2c.o
 .text.I2C_GetITStatus
                0x00000000       0x88 ..\obj\stm32f0xx_i2c.o
 .text.I2C_ClearITPendingBit
                0x00000000       0x18 ..\obj\stm32f0xx_i2c.o
 .text          0x00000000        0x0 ..\obj\system_stm32f0xx_temp.o
 .data          0x00000000       0x14 ..\obj\system_stm32f0xx_temp.o
 .bss           0x00000000        0x0 ..\obj\system_stm32f0xx_temp.o
 .text.SystemCoreClockUpdate1
                0x00000000       0xd0 ..\obj\system_stm32f0xx_temp.o
 .text          0x00000000        0x0 ..\obj\amiv_irq.o
 .data          0x00000000        0x0 ..\obj\amiv_irq.o
 .bss           0x00000000        0x0 ..\obj\amiv_irq.o
 .text          0x00000000        0x0 ..\obj\stm32f0xx_gpio.o
 .data          0x00000000        0x0 ..\obj\stm32f0xx_gpio.o
 .bss           0x00000000        0x0 ..\obj\stm32f0xx_gpio.o
 .text.GPIO_DeInit
                0x00000000       0xc8 ..\obj\stm32f0xx_gpio.o
 .text.GPIO_StructInit
                0x00000000       0x30 ..\obj\stm32f0xx_gpio.o
 .text.GPIO_PinLockConfig
                0x00000000       0x44 ..\obj\stm32f0xx_gpio.o
 .text.GPIO_ReadInputData
                0x00000000       0x18 ..\obj\stm32f0xx_gpio.o
 .text.GPIO_ReadOutputDataBit
                0x00000000       0x48 ..\obj\stm32f0xx_gpio.o
 .text.GPIO_ReadOutputData
                0x00000000       0x18 ..\obj\stm32f0xx_gpio.o
 .text.GPIO_WriteBit
                0x00000000       0x30 ..\obj\stm32f0xx_gpio.o
 .text.GPIO_Write
                0x00000000       0x1c ..\obj\stm32f0xx_gpio.o
 .text          0x00000000        0x0 ..\obj\amiv_ad9984a.o
 .data          0x00000000        0x0 ..\obj\amiv_ad9984a.o
 .bss           0x00000000        0x0 ..\obj\amiv_ad9984a.o
 .rodata        0x00000000       0x2c ..\obj\amiv_ad9984a.o
 .text          0x00000000        0x0 ..\obj\amiv_adv7511.o
 .bss           0x00000000        0x2 ..\obj\amiv_adv7511.o
 .text.AMIV_ADV7511_IncreaseVerticalSize
                0x00000000       0x30 ..\obj\amiv_adv7511.o
 .text.AMIV_ADV7511_DecreaseVerticalSize
                0x00000000       0x40 ..\obj\amiv_adv7511.o
 .text          0x00000000        0x0 ..\obj\stm32f0xx_usart.o
 .data          0x00000000        0x0 ..\obj\stm32f0xx_usart.o
 .bss           0x00000000        0x0 ..\obj\stm32f0xx_usart.o
 .text.USART_DeInit
                0x00000000       0x58 ..\obj\stm32f0xx_usart.o
 .text.USART_StructInit
                0x00000000       0x34 ..\obj\stm32f0xx_usart.o
 .text.USART_ClockInit
                0x00000000       0x48 ..\obj\stm32f0xx_usart.o
 .text.USART_ClockStructInit
                0x00000000       0x28 ..\obj\stm32f0xx_usart.o
 .text.USART_DirectionModeCmd
                0x00000000       0x38 ..\obj\stm32f0xx_usart.o
 .text.USART_OverSampling8Cmd
                0x00000000       0x3c ..\obj\stm32f0xx_usart.o
 .text.USART_OneBitMethodCmd
                0x00000000       0x3c ..\obj\stm32f0xx_usart.o
 .text.USART_MSBFirstCmd
                0x00000000       0x3c ..\obj\stm32f0xx_usart.o
 .text.USART_DataInvCmd
                0x00000000       0x3c ..\obj\stm32f0xx_usart.o
 .text.USART_InvPinCmd
                0x00000000       0x38 ..\obj\stm32f0xx_usart.o
 .text.USART_SWAPPinCmd
                0x00000000       0x3c ..\obj\stm32f0xx_usart.o
 .text.USART_ReceiverTimeOutCmd
                0x00000000       0x3c ..\obj\stm32f0xx_usart.o
 .text.USART_SetReceiverTimeOut
                0x00000000       0x28 ..\obj\stm32f0xx_usart.o
 .text.USART_SetPrescaler
                0x00000000       0x38 ..\obj\stm32f0xx_usart.o
 .text.USART_STOPModeCmd
                0x00000000       0x3c ..\obj\stm32f0xx_usart.o
 .text.USART_StopModeWakeUpSourceConfig
                0x00000000       0x2c ..\obj\stm32f0xx_usart.o
 .text.USART_AutoBaudRateCmd
                0x00000000       0x3c ..\obj\stm32f0xx_usart.o
 .text.USART_AutoBaudRateConfig
                0x00000000       0x2c ..\obj\stm32f0xx_usart.o
 .text.USART_SetAddress
                0x00000000       0x30 ..\obj\stm32f0xx_usart.o
 .text.USART_MuteModeCmd
                0x00000000       0x3c ..\obj\stm32f0xx_usart.o
 .text.USART_MuteModeWakeUpConfig
                0x00000000       0x2c ..\obj\stm32f0xx_usart.o
 .text.USART_AddressDetectionConfig
                0x00000000       0x2c ..\obj\stm32f0xx_usart.o
 .text.USART_LINBreakDetectLengthConfig
                0x00000000       0x2c ..\obj\stm32f0xx_usart.o
 .text.USART_LINCmd
                0x00000000       0x3c ..\obj\stm32f0xx_usart.o
 .text.USART_HalfDuplexCmd
                0x00000000       0x3c ..\obj\stm32f0xx_usart.o
 .text.USART_SetGuardTime
                0x00000000       0x3c ..\obj\stm32f0xx_usart.o
 .text.USART_SmartCardCmd
                0x00000000       0x3c ..\obj\stm32f0xx_usart.o
 .text.USART_SmartCardNACKCmd
                0x00000000       0x3c ..\obj\stm32f0xx_usart.o
 .text.USART_SetAutoRetryCount
                0x00000000       0x34 ..\obj\stm32f0xx_usart.o
 .text.USART_SetBlockLength
                0x00000000       0x30 ..\obj\stm32f0xx_usart.o
 .text.USART_IrDAConfig
                0x00000000       0x2c ..\obj\stm32f0xx_usart.o
 .text.USART_IrDACmd
                0x00000000       0x3c ..\obj\stm32f0xx_usart.o
 .text.USART_DECmd
                0x00000000       0x3c ..\obj\stm32f0xx_usart.o
 .text.USART_DEPolarityConfig
                0x00000000       0x2c ..\obj\stm32f0xx_usart.o
 .text.USART_SetDEAssertionTime
                0x00000000       0x30 ..\obj\stm32f0xx_usart.o
 .text.USART_SetDEDeassertionTime
                0x00000000       0x30 ..\obj\stm32f0xx_usart.o
 .text.USART_DMACmd
                0x00000000       0x38 ..\obj\stm32f0xx_usart.o
 .text.USART_DMAReceptionErrorConfig
                0x00000000       0x2c ..\obj\stm32f0xx_usart.o
 .text.USART_RequestCmd
                0x00000000       0x48 ..\obj\stm32f0xx_usart.o
 .text.USART_OverrunDetectionConfig
                0x00000000       0x2c ..\obj\stm32f0xx_usart.o
 .text.USART_ClearFlag
                0x00000000       0x18 ..\obj\stm32f0xx_usart.o
 .text.USART_ClearITPendingBit
                0x00000000       0x30 ..\obj\stm32f0xx_usart.o
 .text          0x00000000        0x0 ..\obj\amiv_i2c.o
 .text          0x00000000        0x0 ..\obj\amiv_button.o
 .data          0x00000000        0x0 ..\obj\amiv_button.o
 .bss           0x00000000        0x0 ..\obj\amiv_button.o
 .text          0x00000000        0x0 ..\obj\stm32f0xx_flash.o
 .data          0x00000000        0x0 ..\obj\stm32f0xx_flash.o
 .bss           0x00000000        0x0 ..\obj\stm32f0xx_flash.o
 .text.FLASH_SetLatency
                0x00000000       0x34 ..\obj\stm32f0xx_flash.o
 .text.FLASH_PrefetchBufferCmd
                0x00000000       0x38 ..\obj\stm32f0xx_flash.o
 .text.FLASH_GetPrefetchBufferStatus
                0x00000000       0x34 ..\obj\stm32f0xx_flash.o
 .text.FLASH_EraseAllPages
                0x00000000       0x68 ..\obj\stm32f0xx_flash.o
 .text.FLASH_ProgramHalfWord
                0x00000000       0x78 ..\obj\stm32f0xx_flash.o
 .text.FLASH_OB_Unlock
                0x00000000       0x2c ..\obj\stm32f0xx_flash.o
 .text.FLASH_OB_Lock
                0x00000000       0x1c ..\obj\stm32f0xx_flash.o
 .text.FLASH_OB_Launch
                0x00000000       0x1c ..\obj\stm32f0xx_flash.o
 .text.FLASH_OB_Erase
                0x00000000       0xd8 ..\obj\stm32f0xx_flash.o
 .text.FLASH_OB_EnableWRP
                0x00000000       0xf4 ..\obj\stm32f0xx_flash.o
 .text.FLASH_OB_RDPConfig
                0x00000000       0xdc ..\obj\stm32f0xx_flash.o
 .text.FLASH_OB_UserConfig
                0x00000000       0xa0 ..\obj\stm32f0xx_flash.o
 .text.FLASH_OB_BOOTConfig
                0x00000000       0x8c ..\obj\stm32f0xx_flash.o
 .text.FLASH_OB_VDDAConfig
                0x00000000       0x8c ..\obj\stm32f0xx_flash.o
 .text.FLASH_OB_SRAMParityConfig
                0x00000000       0x8c ..\obj\stm32f0xx_flash.o
 .text.FLASH_OB_WriteUser
                0x00000000       0x8c ..\obj\stm32f0xx_flash.o
 .text.FLASH_OB_ProgramData
                0x00000000       0x84 ..\obj\stm32f0xx_flash.o
 .text.FLASH_OB_GetUser
                0x00000000       0x18 ..\obj\stm32f0xx_flash.o
 .text.FLASH_OB_GetWRP
                0x00000000       0x14 ..\obj\stm32f0xx_flash.o
 .text.FLASH_OB_GetRDP
                0x00000000       0x38 ..\obj\stm32f0xx_flash.o
 .text.FLASH_ITConfig
                0x00000000       0x3c ..\obj\stm32f0xx_flash.o
 .text.FLASH_GetFlagStatus
                0x00000000       0x40 ..\obj\stm32f0xx_flash.o
 .text          0x00000000        0x0 ..\obj\stm32f0xx_exti.o
 .data          0x00000000        0x0 ..\obj\stm32f0xx_exti.o
 .bss           0x00000000        0x0 ..\obj\stm32f0xx_exti.o
 .text.EXTI_DeInit
                0x00000000       0x34 ..\obj\stm32f0xx_exti.o
 .text.EXTI_StructInit
                0x00000000       0x28 ..\obj\stm32f0xx_exti.o
 .text.EXTI_GenerateSWInterrupt
                0x00000000       0x20 ..\obj\stm32f0xx_exti.o
 .text.EXTI_GetFlagStatus
                0x00000000       0x40 ..\obj\stm32f0xx_exti.o
 .text.EXTI_ClearFlag
                0x00000000       0x18 ..\obj\stm32f0xx_exti.o
 .text          0x00000000        0x0 ..\obj\stm32f0xx_syscfg.o
 .data          0x00000000        0x0 ..\obj\stm32f0xx_syscfg.o
 .bss           0x00000000        0x0 ..\obj\stm32f0xx_syscfg.o
 .text.SYSCFG_DeInit
                0x00000000       0x40 ..\obj\stm32f0xx_syscfg.o
 .text.SYSCFG_MemoryRemapConfig
                0x00000000       0x34 ..\obj\stm32f0xx_syscfg.o
 .text.SYSCFG_DMAChannelRemapConfig
                0x00000000       0x3c ..\obj\stm32f0xx_syscfg.o
 .text.SYSCFG_I2CFastModePlusConfig
                0x00000000       0x3c ..\obj\stm32f0xx_syscfg.o
 .text.SYSCFG_BreakConfig
                0x00000000       0x20 ..\obj\stm32f0xx_syscfg.o
 .text.SYSCFG_GetFlagStatus
                0x00000000       0x40 ..\obj\stm32f0xx_syscfg.o
 .text.SYSCFG_ClearFlag
                0x00000000       0x20 ..\obj\stm32f0xx_syscfg.o
 .text          0x00000000        0x0 ..\obj\amiv_util.o
 .data          0x00000000        0x0 ..\obj\amiv_util.o
 .text          0x00000000        0x0 ..\obj\amiv_config.o
 .data          0x00000000        0x0 ..\obj\amiv_config.o
 .bss           0x00000000        0x0 ..\obj\amiv_config.o
 .text          0x00000000        0x0 ..\obj\stm32f0xx_misc.o
 .data          0x00000000        0x0 ..\obj\stm32f0xx_misc.o
 .bss           0x00000000        0x0 ..\obj\stm32f0xx_misc.o
 .text.NVIC_SystemLPConfig
                0x00000000       0x44 ..\obj\stm32f0xx_misc.o
 .text.SysTick_CLKSourceConfig
                0x00000000       0x34 ..\obj\stm32f0xx_misc.o
 .data          0x00000000        0x0 c:/program files (x86)/gnu tools arm embedded/4.8 2014q3/bin/../lib/gcc/arm-none-eabi/4.8.4/armv6-m\libgcc.a(_udivsi3.o)
 .bss           0x00000000        0x0 c:/program files (x86)/gnu tools arm embedded/4.8 2014q3/bin/../lib/gcc/arm-none-eabi/4.8.4/armv6-m\libgcc.a(_udivsi3.o)
 .data          0x00000000        0x0 c:/program files (x86)/gnu tools arm embedded/4.8 2014q3/bin/../lib/gcc/arm-none-eabi/4.8.4/armv6-m\libgcc.a(_divsi3.o)
 .bss           0x00000000        0x0 c:/program files (x86)/gnu tools arm embedded/4.8 2014q3/bin/../lib/gcc/arm-none-eabi/4.8.4/armv6-m\libgcc.a(_divsi3.o)
 .data          0x00000000        0x0 c:/program files (x86)/gnu tools arm embedded/4.8 2014q3/bin/../lib/gcc/arm-none-eabi/4.8.4/armv6-m\libgcc.a(_dvmd_tls.o)
 .bss           0x00000000        0x0 c:/program files (x86)/gnu tools arm embedded/4.8 2014q3/bin/../lib/gcc/arm-none-eabi/4.8.4/armv6-m\libgcc.a(_dvmd_tls.o)
 .text          0x00000000        0x0 c:/program files (x86)/gnu tools arm embedded/4.8 2014q3/bin/../lib/gcc/arm-none-eabi/4.8.4/../../../../arm-none-eabi/lib/armv6-m\libg.a(lib_a-memcpy-stub.o)
 .data          0x00000000        0x0 c:/program files (x86)/gnu tools arm embedded/4.8 2014q3/bin/../lib/gcc/arm-none-eabi/4.8.4/../../../../arm-none-eabi/lib/armv6-m\libg.a(lib_a-memcpy-stub.o)
 .bss           0x00000000        0x0 c:/program files (x86)/gnu tools arm embedded/4.8 2014q3/bin/../lib/gcc/arm-none-eabi/4.8.4/../../../../arm-none-eabi/lib/armv6-m\libg.a(lib_a-memcpy-stub.o)

Memory Configuration

Name             Origin             Length             Attributes
rom              0x08000000         0x00007000         xr
ram              0x20000000         0x00001000         xrw
*default*        0x00000000         0xffffffff

Linker script and memory map

                0x20001000                _eram = 0x20001000

.text           0x08000000     0x4f4c
 *(.isr_vector)
 .isr_vector    0x08000000       0xc4 ..\obj\startup_stm32f0xx.o
                0x08000000                g_pfnVectors
 *(.text*)
 .text.AMIV_UART_Init
                0x080000c4       0x8c ..\obj\amiv_uart.o
                0x080000c4                AMIV_UART_Init
 .text.AMIV_UART_SendChar
                0x08000150       0x38 ..\obj\amiv_uart.o
                0x08000150                AMIV_UART_SendChar
 .text.AMIV_UART_SendString
                0x08000188       0x44 ..\obj\amiv_uart.o
                0x08000188                AMIV_UART_SendString
 .text.AMIV_UART_ResetStatus
                0x080001cc       0x20 ..\obj\amiv_uart.o
                0x080001cc                AMIV_UART_ResetStatus
 .text.AMIV_UART_ReadByte
                0x080001ec       0x1c ..\obj\amiv_uart.o
                0x080001ec                AMIV_UART_ReadByte
 .text.main     0x08000208      0x37c ..\obj\amiv_main.o
                0x08000208                main
 .text.RCC_I2CCLKConfig
                0x08000584       0x2c ..\obj\stm32f0xx_rcc.o
                0x08000584                RCC_I2CCLKConfig
 .text.RCC_GetClocksFreq
                0x080005b0      0x1cc ..\obj\stm32f0xx_rcc.o
                0x080005b0                RCC_GetClocksFreq
 .text.RCC_AHBPeriphClockCmd
                0x0800077c       0x3c ..\obj\stm32f0xx_rcc.o
                0x0800077c                RCC_AHBPeriphClockCmd
 .text.RCC_APB2PeriphClockCmd
                0x080007b8       0x3c ..\obj\stm32f0xx_rcc.o
                0x080007b8                RCC_APB2PeriphClockCmd
 .text.RCC_APB1PeriphClockCmd
                0x080007f4       0x3c ..\obj\stm32f0xx_rcc.o
                0x080007f4                RCC_APB1PeriphClockCmd
 .text.NVIC_SystemReset
                0x08000830       0x1c ..\obj\amiv_cmd.o
 .text.GetValueFromString
                0x0800084c       0x34 ..\obj\amiv_cmd.o
 .text.AMIV_CMD_ExecuteCommand
                0x08000880      0x7e4 ..\obj\amiv_cmd.o
                0x08000880                AMIV_CMD_ExecuteCommand
 .text.Reset_Handler
                0x08001064       0x4c ..\obj\startup_stm32f0xx.o
                0x08001064                Reset_Handler
 .text.Default_Handler
                0x080010b0        0x2 ..\obj\startup_stm32f0xx.o
                0x080010b0                TIM1_CC_IRQHandler
                0x080010b0                HardFault_Handler
                0x080010b0                ADC1_COMP_IRQHandler
                0x080010b0                SysTick_Handler
                0x080010b0                PVD_IRQHandler
                0x080010b0                PendSV_Handler
                0x080010b0                NMI_Handler
                0x080010b0                I2C1_IRQHandler
                0x080010b0                SPI1_IRQHandler
                0x080010b0                TIM6_DAC_IRQHandler
                0x080010b0                EXTI2_3_IRQHandler
                0x080010b0                I2C2_IRQHandler
                0x080010b0                TIM17_IRQHandler
                0x080010b0                RTC_IRQHandler
                0x080010b0                TIM16_IRQHandler
                0x080010b0                TIM3_IRQHandler
                0x080010b0                RCC_IRQHandler
                0x080010b0                DMA1_Channel1_IRQHandler
                0x080010b0                Default_Handler
                0x080010b0                CEC_IRQHandler
                0x080010b0                TIM14_IRQHandler
                0x080010b0                DMA1_Channel4_5_IRQHandler
                0x080010b0                TIM15_IRQHandler
                0x080010b0                EXTI0_1_IRQHandler
                0x080010b0                SPI2_IRQHandler
                0x080010b0                SVC_Handler
                0x080010b0                TS_IRQHandler
                0x080010b0                WWDG_IRQHandler
                0x080010b0                TIM2_IRQHandler
                0x080010b0                DMA1_Channel2_3_IRQHandler
                0x080010b0                USART2_IRQHandler
                0x080010b0                FLASH_IRQHandler
                0x080010b0                TIM1_BRK_UP_TRG_COM_IRQHandler
 *fill*         0x080010b2        0x2 
 .text.PageToAddress
                0x080010b4       0x68 ..\obj\amiv_flash.o
 .text.AMIV_FLASH_Init
                0x0800111c        0x8 ..\obj\amiv_flash.o
                0x0800111c                AMIV_FLASH_Init
 .text.AMIV_FLASH_Erase
                0x08001124       0x78 ..\obj\amiv_flash.o
                0x08001124                AMIV_FLASH_Erase
 .text.AMIV_FLASH_Read
                0x0800119c       0x34 ..\obj\amiv_flash.o
                0x0800119c                AMIV_FLASH_Read
 .text.AMIV_FLASH_Write
                0x080011d0       0x60 ..\obj\amiv_flash.o
                0x080011d0                AMIV_FLASH_Write
 .text.AMIV_FLASH_ButtonConfigPresent
                0x08001230       0x2c ..\obj\amiv_flash.o
                0x08001230                AMIV_FLASH_ButtonConfigPresent
 .text.AMIV_FLASH_GeneralConfigPresent
                0x0800125c       0x20 ..\obj\amiv_flash.o
                0x0800125c                AMIV_FLASH_GeneralConfigPresent
 .text.AMIV_FLASH_ReadGeneralConfig
                0x0800127c       0x4c ..\obj\amiv_flash.o
                0x0800127c                AMIV_FLASH_ReadGeneralConfig
 .text.AMIV_FLASH_WriteGeneralConfig
                0x080012c8       0xdc ..\obj\amiv_flash.o
                0x080012c8                AMIV_FLASH_WriteGeneralConfig
 .text.AMIV_FLASH_ReadButtonConfig
                0x080013a4       0x30 ..\obj\amiv_flash.o
                0x080013a4                AMIV_FLASH_ReadButtonConfig
 .text.AMIV_FLASH_WriteButtonConfig
                0x080013d4       0x60 ..\obj\amiv_flash.o
                0x080013d4                AMIV_FLASH_WriteButtonConfig
 .text.I2C_Init
                0x08001434       0xd0 ..\obj\stm32f0xx_i2c.o
                0x08001434                I2C_Init
 .text.I2C_Cmd  0x08001504       0x3c ..\obj\stm32f0xx_i2c.o
                0x08001504                I2C_Cmd
 .text.I2C_TransferHandling
                0x08001540       0x60 ..\obj\stm32f0xx_i2c.o
                0x08001540                I2C_TransferHandling
 .text.I2C_SendData
                0x080015a0       0x1c ..\obj\stm32f0xx_i2c.o
                0x080015a0                I2C_SendData
 .text.I2C_ReceiveData
                0x080015bc       0x18 ..\obj\stm32f0xx_i2c.o
                0x080015bc                I2C_ReceiveData
 .text.I2C_GetFlagStatus
                0x080015d4       0x4c ..\obj\stm32f0xx_i2c.o
                0x080015d4                I2C_GetFlagStatus
 .text.I2C_ClearFlag
                0x08001620       0x18 ..\obj\stm32f0xx_i2c.o
                0x08001620                I2C_ClearFlag
 .text.SystemInit1
                0x08001638       0x8c ..\obj\system_stm32f0xx_temp.o
                0x08001638                SystemInit
                0x08001638                SystemInit1
 .text.SetSysClock1
                0x080016c4       0xe0 ..\obj\system_stm32f0xx_temp.o
                0x080016c4                SetSysClock
 .text.EXTI4_15_IRQHandler
                0x080017a4      0x164 ..\obj\amiv_irq.o
                0x080017a4                EXTI4_15_IRQHandler
 .text.USART1_IRQHandler
                0x08001908       0x98 ..\obj\amiv_irq.o
                0x08001908                USART1_IRQHandler
 .text.AMIV_IRQ_Init
                0x080019a0      0x100 ..\obj\amiv_irq.o
                0x080019a0                AMIV_IRQ_Init
 .text.AMIV_IRQ_USART1_Enable
                0x08001aa0       0x28 ..\obj\amiv_irq.o
                0x08001aa0                AMIV_IRQ_USART1_Enable
 .text.GPIO_Init
                0x08001ac8      0x138 ..\obj\stm32f0xx_gpio.o
                0x08001ac8                GPIO_Init
 .text.GPIO_ReadInputDataBit
                0x08001c00       0x48 ..\obj\stm32f0xx_gpio.o
                0x08001c00                GPIO_ReadInputDataBit
 .text.GPIO_SetBits
                0x08001c48       0x1c ..\obj\stm32f0xx_gpio.o
                0x08001c48                GPIO_SetBits
 .text.GPIO_ResetBits
                0x08001c64       0x1c ..\obj\stm32f0xx_gpio.o
                0x08001c64                GPIO_ResetBits
 .text.GPIO_PinAFConfig
                0x08001c80       0x9c ..\obj\stm32f0xx_gpio.o
                0x08001c80                GPIO_PinAFConfig
 .text.AMIV_AD9984A_Init
                0x08001d1c      0x1ac ..\obj\amiv_ad9984a.o
                0x08001d1c                AMIV_AD9984A_Init
 .text.AMIV_ADV7511_Init
                0x08001ec8       0x18 ..\obj\amiv_adv7511.o
                0x08001ec8                AMIV_ADV7511_Init
 .text.AMIV_ADV7511_PowerUp
                0x08001ee0      0x16c ..\obj\amiv_adv7511.o
                0x08001ee0                AMIV_ADV7511_PowerUp
 .text.AMIV_ADV7511_ReadEDID
                0x0800204c       0x68 ..\obj\amiv_adv7511.o
                0x0800204c                AMIV_ADV7511_ReadEDID
 .text.AMIV_ADV7511_GetEDIDPointer
                0x080020b4       0x10 ..\obj\amiv_adv7511.o
                0x080020b4                AMIV_ADV7511_GetEDIDPointer
 .text.USART_Init
                0x080020c4      0x160 ..\obj\stm32f0xx_usart.o
                0x080020c4                USART_Init
 .text.USART_Cmd
                0x08002224       0x3c ..\obj\stm32f0xx_usart.o
                0x08002224                USART_Cmd
 .text.USART_SendData
                0x08002260       0x24 ..\obj\stm32f0xx_usart.o
                0x08002260                USART_SendData
 .text.USART_ReceiveData
                0x08002284       0x1c ..\obj\stm32f0xx_usart.o
                0x08002284                USART_ReceiveData
 .text.USART_ITConfig
                0x080022a0       0x84 ..\obj\stm32f0xx_usart.o
                0x080022a0                USART_ITConfig
 .text.USART_GetFlagStatus
                0x08002324       0x3c ..\obj\stm32f0xx_usart.o
                0x08002324                USART_GetFlagStatus
 .text.USART_GetITStatus
                0x08002360       0xb4 ..\obj\stm32f0xx_usart.o
                0x08002360                USART_GetITStatus
 .text.AMIV_I2C_GetSlaveAddress
                0x08002414       0x40 ..\obj\amiv_i2c.o
 .text.AMIV_I2C_Init
                0x08002454       0x6c ..\obj\amiv_i2c.o
                0x08002454                AMIV_I2C_Init
 .text.AMIV_I2C_WR_Reg
                0x080024c0       0xf0 ..\obj\amiv_i2c.o
                0x080024c0                AMIV_I2C_WR_Reg
 .text.AMIV_I2C_RD_Reg
                0x080025b0       0xf4 ..\obj\amiv_i2c.o
                0x080025b0                AMIV_I2C_RD_Reg
 .text.AMIV_I2C_RMW_Reg
                0x080026a4       0x48 ..\obj\amiv_i2c.o
                0x080026a4                AMIV_I2C_RMW_Reg
 .text.AMIV_I2C_ChangeSlave
                0x080026ec       0x20 ..\obj\amiv_i2c.o
                0x080026ec                AMIV_I2C_ChangeSlave
 .text.AMIV_I2C_GetActiveSlave
                0x0800270c       0x20 ..\obj\amiv_i2c.o
                0x0800270c                AMIV_I2C_GetActiveSlave
 .text.NVIC_SystemReset
                0x0800272c       0x1c ..\obj\amiv_button.o
 .text.SaveGeneralConfig
                0x08002748      0x124 ..\obj\amiv_button.o
 .text.Reset    0x0800286c       0x98 ..\obj\amiv_button.o
 .text.Scroll   0x08002904      0x100 ..\obj\amiv_button.o
 .text.ExeciteButtonFunction
                0x08002a04      0x1e8 ..\obj\amiv_button.o
 .text.ExecuteButtonFunctionShortPress
                0x08002bec       0x30 ..\obj\amiv_button.o
 .text.ExecuteButtonFunctionLongPress
                0x08002c1c       0x30 ..\obj\amiv_button.o
 .text.Scan     0x08002c4c       0xa8 ..\obj\amiv_button.o
 .text.AMIV_BUTTON_Init
                0x08002cf4      0x164 ..\obj\amiv_button.o
                0x08002cf4                AMIV_BUTTON_Init
 .text.AMIV_BUTTON_SaveGeneralConfig
                0x08002e58       0x10 ..\obj\amiv_button.o
                0x08002e58                AMIV_BUTTON_SaveGeneralConfig
 .text.AMIV_BUTTON_ConfigureButton
                0x08002e68       0x44 ..\obj\amiv_button.o
                0x08002e68                AMIV_BUTTON_ConfigureButton
 .text.AMIV_BUTTON_RemoveButtonConfiguration
                0x08002eac      0x120 ..\obj\amiv_button.o
                0x08002eac                AMIV_BUTTON_RemoveButtonConfiguration
 .text.AMIV_BUTTON_CheckSpecialState
                0x08002fcc       0xa8 ..\obj\amiv_button.o
                0x08002fcc                AMIV_BUTTON_CheckSpecialState
 .text.AMIV_BUTTON_FSM
                0x08003074      0x10c ..\obj\amiv_button.o
                0x08003074                AMIV_BUTTON_FSM
 .text.FLASH_Unlock
                0x08003180       0x2c ..\obj\stm32f0xx_flash.o
                0x08003180                FLASH_Unlock
 .text.FLASH_Lock
                0x080031ac       0x18 ..\obj\stm32f0xx_flash.o
                0x080031ac                FLASH_Lock
 .text.FLASH_ErasePage
                0x080031c4       0x7c ..\obj\stm32f0xx_flash.o
                0x080031c4                FLASH_ErasePage
 .text.FLASH_ProgramWord
                0x08003240       0xb0 ..\obj\stm32f0xx_flash.o
                0x08003240                FLASH_ProgramWord
 .text.FLASH_ClearFlag
                0x080032f0       0x18 ..\obj\stm32f0xx_flash.o
                0x080032f0                FLASH_ClearFlag
 .text.FLASH_GetStatus
                0x08003308       0x58 ..\obj\stm32f0xx_flash.o
                0x08003308                FLASH_GetStatus
 .text.FLASH_WaitForLastOperation
                0x08003360       0x5c ..\obj\stm32f0xx_flash.o
                0x08003360                FLASH_WaitForLastOperation
 .text.EXTI_Init
                0x080033bc       0xd8 ..\obj\stm32f0xx_exti.o
                0x080033bc                EXTI_Init
 .text.EXTI_GetITStatus
                0x08003494       0x40 ..\obj\stm32f0xx_exti.o
                0x08003494                EXTI_GetITStatus
 .text.EXTI_ClearITPendingBit
                0x080034d4       0x18 ..\obj\stm32f0xx_exti.o
                0x080034d4                EXTI_ClearITPendingBit
 .text.SYSCFG_EXTILineConfig
                0x080034ec       0x90 ..\obj\stm32f0xx_syscfg.o
                0x080034ec                SYSCFG_EXTILineConfig
 .text.AMIV_UTIL_strlen
                0x0800357c       0x38 ..\obj\amiv_util.o
                0x0800357c                AMIV_UTIL_strlen
 .text.AMIV_UTIL_itoa
                0x080035b4       0x94 ..\obj\amiv_util.o
                0x080035b4                AMIV_UTIL_itoa
 .text.AMIV_UTIL_itoahex
                0x08003648       0x80 ..\obj\amiv_util.o
                0x08003648                AMIV_UTIL_itoahex
 .text.AMIV_UTIL_atoi
                0x080036c8       0x3c ..\obj\amiv_util.o
                0x080036c8                AMIV_UTIL_atoi
 .text.AMIV_UTIL_atox
                0x08003704       0x70 ..\obj\amiv_util.o
                0x08003704                AMIV_UTIL_atox
 .text.AMIV_UTIL_memset
                0x08003774       0x3c ..\obj\amiv_util.o
                0x08003774                AMIV_UTIL_memset
 .text.AMIV_CONFIG_Init
                0x080037b0        0x8 ..\obj\amiv_config.o
                0x080037b0                AMIV_CONFIG_Init
 .text.AMIV_CONFIG_I2C
                0x080037b8       0x58 ..\obj\amiv_config.o
                0x080037b8                AMIV_CONFIG_I2C
 .text.AMIV_CONFIG_UART
                0x08003810       0x54 ..\obj\amiv_config.o
                0x08003810                AMIV_CONFIG_UART
 .text.AMIV_CONFIG_GPIO
                0x08003864       0xc0 ..\obj\amiv_config.o
                0x08003864                AMIV_CONFIG_GPIO
 .text.AMIV_CONFIG_LED
                0x08003924       0x3c ..\obj\amiv_config.o
                0x08003924                AMIV_CONFIG_LED
 .text.NVIC_Init
                0x08003960       0xac ..\obj\stm32f0xx_misc.o
                0x08003960                NVIC_Init
 .text          0x08003a0c       0x9c c:/program files (x86)/gnu tools arm embedded/4.8 2014q3/bin/../lib/gcc/arm-none-eabi/4.8.4/armv6-m\libgcc.a(_udivsi3.o)
                0x08003a0c                __aeabi_uidiv
                0x08003a0c                __udivsi3
                0x08003a94                __aeabi_uidivmod
 .text          0x08003aa8       0xc0 c:/program files (x86)/gnu tools arm embedded/4.8 2014q3/bin/../lib/gcc/arm-none-eabi/4.8.4/armv6-m\libgcc.a(_divsi3.o)
                0x08003aa8                __divsi3
                0x08003aa8                __aeabi_idiv
                0x08003b54                __aeabi_idivmod
 .text          0x08003b68        0x4 c:/program files (x86)/gnu tools arm embedded/4.8 2014q3/bin/../lib/gcc/arm-none-eabi/4.8.4/armv6-m\libgcc.a(_dvmd_tls.o)
                0x08003b68                __aeabi_idiv0
                0x08003b68                __aeabi_ldiv0
 .text.memcpy   0x08003b6c       0x84 c:/program files (x86)/gnu tools arm embedded/4.8 2014q3/bin/../lib/gcc/arm-none-eabi/4.8.4/../../../../arm-none-eabi/lib/armv6-m\libg.a(lib_a-memcpy-stub.o)
                0x08003b6c                memcpy
 *(.init)
 *(.fini)
 *crtbegin.o(.ctors)
 *crtbegin?.o(.ctors)
 *(EXCLUDE_FILE(*crtend.o *crtend?.o) .ctors)
 *(SORT(.ctors.*))
 *(.ctors)
 *crtbegin.o(.dtors)
 *crtbegin?.o(.dtors)
 *(EXCLUDE_FILE(*crtend.o *crtend?.o) .dtors)
 *(SORT(.dtors.*))
 *(.dtors)
 *(.rodata*)
 .rodata        0x08003bf0      0x258 ..\obj\amiv_main.o
 .rodata        0x08003e48      0xbec ..\obj\amiv_cmd.o
 .rodata        0x08004a34       0x68 ..\obj\amiv_flash.o
 .rodata        0x08004a9c      0x170 ..\obj\amiv_irq.o
 .rodata        0x08004c0c      0x18c ..\obj\amiv_adv7511.o
 .rodata        0x08004d98       0x3c ..\obj\amiv_i2c.o
 .rodata        0x08004dd4      0x164 ..\obj\amiv_button.o
 .rodata        0x08004f38       0x14 ..\obj\amiv_util.o
 *(.eh_fram e*)

.glue_7         0x08004f4c        0x0
 .glue_7        0x00000000        0x0 linker stubs

.glue_7t        0x08004f4c        0x0
 .glue_7t       0x00000000        0x0 linker stubs

.vfp11_veneer   0x08004f4c        0x0
 .vfp11_veneer  0x00000000        0x0 linker stubs

.v4_bx          0x08004f4c        0x0
 .v4_bx         0x00000000        0x0 linker stubs

.iplt           0x08004f4c        0x0
 .iplt          0x00000000        0x0 ..\obj\amiv_uart.o

.rel.dyn        0x08004f4c        0x0
 .rel.iplt      0x00000000        0x0 ..\obj\amiv_uart.o

.ARM.extab
 *(.ARM.extab* .gnu.linkonce.armextab.*)
                0x08004f4c                __exidx_start = .

.ARM.exidx
 *(.ARM.exidx* .gnu.linkonce.armexidx.*)
                0x08004f4c                __exidx_end = .
                0x08004f4c                __etext = .
                0x08004f4c                _sidata = __etext

.data           0x20000000       0x44 load address 0x08004f4c
                0x20000000                __data_start__ = .
                0x20000000                _sdata = __data_start__
 *(vtable)
 *(.data*)
 .data          0x20000000       0x10 ..\obj\stm32f0xx_rcc.o
 .data          0x20000010       0x20 ..\obj\amiv_adv7511.o
                0x20000010                AMIV_ADV7511_ErrorStrings
 .data          0x20000030       0x14 ..\obj\amiv_i2c.o
                0x20000030                SlaveString
                0x20000044                . = ALIGN (0x4)
                0x20000044                PROVIDE (__preinit_array_start, .)
 *(.preinit_array)
                0x20000044                PROVIDE (__preinit_array_end, .)
                0x20000044                . = ALIGN (0x4)
                0x20000044                PROVIDE (__init_array_start, .)
 *(SORT(.init_array.*))
 *(.init_array)
                0x20000044                PROVIDE (__init_array_end, .)
                0x20000044                . = ALIGN (0x4)
                0x20000044                PROVIDE (__fini_array_start, .)
 *(SORT(.fini_array.*))
 *(.fini_array)
                0x20000044                PROVIDE (__fini_array_end, .)
 *(.jcr*)
                0x20000044                . = ALIGN (0x4)
                0x20000044                __data_end__ = .
                0x20000044                _edata = __data_end__

.igot.plt       0x20000044        0x0 load address 0x08004f90
 .igot.plt      0x00000000        0x0 ..\obj\amiv_uart.o

.bss            0x20000044      0x4c4 load address 0x08004f90
                0x20000044                . = ALIGN (0x4)
                0x20000044                __bss_start__ = .
                0x20000044                _sbss = __bss_start__
 *(.bss*)
 .bss           0x20000044        0x1 ..\obj\amiv_i2c.o
                0x20000044                ActiveSlave
 *fill*         0x20000045        0x3 
 .bss           0x20000048       0x30 ..\obj\amiv_util.o
 *(COMMON)
 COMMON         0x20000078       0x21 ..\obj\amiv_uart.o
                0x20000078                AMIV_UART_Command
                0x20000098                AMIV_UART_CommandCnt
 *fill*         0x20000099        0x3 
 COMMON         0x2000009c      0x101 ..\obj\amiv_adv7511.o
                0x2000009c                AMIV_ADV7511_EDID
 *fill*         0x2000019d        0x3 
 COMMON         0x200001a0      0x368 ..\obj\amiv_button.o
                0x200001a0                gButtonConfig
                0x200001f0                gArray_p
                0x20000500                gButtonState
                0x20000501                gButton
                0x20000504                gButtonCntPress
                0x20000508                . = ALIGN (0x4)
                0x20000508                __bss_end__ = .
                0x20000508                _ebss = __bss_end__

.heap           0x20000508        0x0
                0x20000508                __end__ = .
                0x20000508                _end = __end__
                0x20000508                end = __end__
 *(.heap*)
                0x20000508                __HeapLimit = .

.co_stack       0x20000508        0x0
                0x20000508                . = ALIGN (0x8)
 *(.co_stack .co_stack.*)
                0x20001000                __StackTop = (ORIGIN (ram) + 0x1000)
                0x20001000                __StackLimit = (__StackTop - SIZEOF (.co_stack))
                0x20001000                PROVIDE (__stack, __StackTop)
                0x00000001                ASSERT ((__StackLimit >= __HeapLimit), region ram  overflowed with stack)
LOAD ..\obj\amiv_uart.o
LOAD ..\obj\amiv_main.o
LOAD ..\obj\stm32f0xx_rcc.o
LOAD ..\obj\amiv_cmd.o
LOAD ..\obj\startup_stm32f0xx.o
LOAD ..\obj\amiv_flash.o
LOAD ..\obj\stm32f0xx_i2c.o
LOAD ..\obj\system_stm32f0xx_temp.o
LOAD ..\obj\amiv_irq.o
LOAD ..\obj\stm32f0xx_gpio.o
LOAD ..\obj\amiv_ad9984a.o
LOAD ..\obj\amiv_adv7511.o
LOAD ..\obj\stm32f0xx_usart.o
LOAD ..\obj\amiv_i2c.o
LOAD ..\obj\amiv_button.o
LOAD ..\obj\stm32f0xx_flash.o
LOAD ..\obj\stm32f0xx_exti.o
LOAD ..\obj\stm32f0xx_syscfg.o
LOAD ..\obj\amiv_util.o
LOAD ..\obj\amiv_config.o
LOAD ..\obj\stm32f0xx_misc.o
START GROUP
LOAD c:/program files (x86)/gnu tools arm embedded/4.8 2014q3/bin/../lib/gcc/arm-none-eabi/4.8.4/armv6-m\libgcc.a
LOAD c:/program files (x86)/gnu tools arm embedded/4.8 2014q3/bin/../lib/gcc/arm-none-eabi/4.8.4/../../../../arm-none-eabi/lib/armv6-m\libg.a
LOAD c:/program files (x86)/gnu tools arm embedded/4.8 2014q3/bin/../lib/gcc/arm-none-eabi/4.8.4/../../../../arm-none-eabi/lib/armv6-m\libc.a
END GROUP
OUTPUT(amiv.elf elf32-littlearm)

.debug_info     0x00000000     0x6460
 .debug_info    0x00000000      0x30a ..\obj\amiv_uart.o
 .debug_info    0x0000030a      0x331 ..\obj\amiv_main.o
 .debug_info    0x0000063b      0x9b8 ..\obj\stm32f0xx_rcc.o
 .debug_info    0x00000ff3      0x423 ..\obj\amiv_cmd.o
 .debug_info    0x00001416       0x80 ..\obj\startup_stm32f0xx.o
 .debug_info    0x00001496      0x336 ..\obj\amiv_flash.o
 .debug_info    0x000017cc      0xbb3 ..\obj\stm32f0xx_i2c.o
 .debug_info    0x0000237f      0x2ef ..\obj\system_stm32f0xx_temp.o
 .debug_info    0x0000266e      0x5aa ..\obj\amiv_irq.o
 .debug_info    0x00002c18      0x5cf ..\obj\stm32f0xx_gpio.o
 .debug_info    0x000031e7      0x114 ..\obj\amiv_ad9984a.o
 .debug_info    0x000032fb      0x20a ..\obj\amiv_adv7511.o
 .debug_info    0x00003505      0xe2e ..\obj\stm32f0xx_usart.o
 .debug_info    0x00004333      0x377 ..\obj\amiv_i2c.o
 .debug_info    0x000046aa      0x75b ..\obj\amiv_button.o
 .debug_info    0x00004e05      0x78a ..\obj\stm32f0xx_flash.o
 .debug_info    0x0000558f      0x30d ..\obj\stm32f0xx_exti.o
 .debug_info    0x0000589c      0x2a7 ..\obj\stm32f0xx_syscfg.o
 .debug_info    0x00005b43      0x28e ..\obj\amiv_util.o
 .debug_info    0x00005dd1      0x325 ..\obj\amiv_config.o
 .debug_info    0x000060f6      0x36a ..\obj\stm32f0xx_misc.o

.debug_abbrev   0x00000000     0x1b94
 .debug_abbrev  0x00000000      0x145 ..\obj\amiv_uart.o
 .debug_abbrev  0x00000145       0xdd ..\obj\amiv_main.o
 .debug_abbrev  0x00000222      0x1ec ..\obj\stm32f0xx_rcc.o
 .debug_abbrev  0x0000040e      0x168 ..\obj\amiv_cmd.o
 .debug_abbrev  0x00000576       0x12 ..\obj\startup_stm32f0xx.o
 .debug_abbrev  0x00000588      0x16e ..\obj\amiv_flash.o
 .debug_abbrev  0x000006f6      0x185 ..\obj\stm32f0xx_i2c.o
 .debug_abbrev  0x0000087b      0x134 ..\obj\system_stm32f0xx_temp.o
 .debug_abbrev  0x000009af      0x176 ..\obj\amiv_irq.o
 .debug_abbrev  0x00000b25      0x19b ..\obj\stm32f0xx_gpio.o
 .debug_abbrev  0x00000cc0       0x9e ..\obj\amiv_ad9984a.o
 .debug_abbrev  0x00000d5e      0x116 ..\obj\amiv_adv7511.o
 .debug_abbrev  0x00000e74      0x15c ..\obj\stm32f0xx_usart.o
 .debug_abbrev  0x00000fd0      0x1b1 ..\obj\amiv_i2c.o
 .debug_abbrev  0x00001181      0x242 ..\obj\amiv_button.o
 .debug_abbrev  0x000013c3      0x1d7 ..\obj\stm32f0xx_flash.o
 .debug_abbrev  0x0000159a      0x192 ..\obj\stm32f0xx_exti.o
 .debug_abbrev  0x0000172c      0x147 ..\obj\stm32f0xx_syscfg.o
 .debug_abbrev  0x00001873       0xd1 ..\obj\amiv_util.o
 .debug_abbrev  0x00001944      0x10d ..\obj\amiv_config.o
 .debug_abbrev  0x00001a51      0x143 ..\obj\stm32f0xx_misc.o

.debug_aranges  0x00000000      0xa10
 .debug_aranges
                0x00000000       0x40 ..\obj\amiv_uart.o
 .debug_aranges
                0x00000040       0x20 ..\obj\amiv_main.o
 .debug_aranges
                0x00000060      0x150 ..\obj\stm32f0xx_rcc.o
 .debug_aranges
                0x000001b0       0x30 ..\obj\amiv_cmd.o
 .debug_aranges
                0x000001e0       0x28 ..\obj\startup_stm32f0xx.o
 .debug_aranges
                0x00000208       0x70 ..\obj\amiv_flash.o
 .debug_aranges
                0x00000278      0x168 ..\obj\stm32f0xx_i2c.o
 .debug_aranges
                0x000003e0       0x30 ..\obj\system_stm32f0xx_temp.o
 .debug_aranges
                0x00000410       0x38 ..\obj\amiv_irq.o
 .debug_aranges
                0x00000448       0x80 ..\obj\stm32f0xx_gpio.o
 .debug_aranges
                0x000004c8       0x20 ..\obj\amiv_ad9984a.o
 .debug_aranges
                0x000004e8       0x48 ..\obj\amiv_adv7511.o
 .debug_aranges
                0x00000530      0x1a0 ..\obj\stm32f0xx_usart.o
 .debug_aranges
                0x000006d0       0x50 ..\obj\amiv_i2c.o
 .debug_aranges
                0x00000720       0x88 ..\obj\amiv_button.o
 .debug_aranges
                0x000007a8      0x100 ..\obj\stm32f0xx_flash.o
 .debug_aranges
                0x000008a8       0x58 ..\obj\stm32f0xx_exti.o
 .debug_aranges
                0x00000900       0x58 ..\obj\stm32f0xx_syscfg.o
 .debug_aranges
                0x00000958       0x48 ..\obj\amiv_util.o
 .debug_aranges
                0x000009a0       0x40 ..\obj\amiv_config.o
 .debug_aranges
                0x000009e0       0x30 ..\obj\stm32f0xx_misc.o

.debug_ranges   0x00000000      0x8c8
 .debug_ranges  0x00000000       0x30 ..\obj\amiv_uart.o
 .debug_ranges  0x00000030       0x10 ..\obj\amiv_main.o
 .debug_ranges  0x00000040      0x140 ..\obj\stm32f0xx_rcc.o
 .debug_ranges  0x00000180       0x20 ..\obj\amiv_cmd.o
 .debug_ranges  0x000001a0       0x20 ..\obj\startup_stm32f0xx.o
 .debug_ranges  0x000001c0       0x60 ..\obj\amiv_flash.o
 .debug_ranges  0x00000220      0x158 ..\obj\stm32f0xx_i2c.o
 .debug_ranges  0x00000378       0x20 ..\obj\system_stm32f0xx_temp.o
 .debug_ranges  0x00000398       0x28 ..\obj\amiv_irq.o
 .debug_ranges  0x000003c0       0x70 ..\obj\stm32f0xx_gpio.o
 .debug_ranges  0x00000430       0x10 ..\obj\amiv_ad9984a.o
 .debug_ranges  0x00000440       0x38 ..\obj\amiv_adv7511.o
 .debug_ranges  0x00000478      0x190 ..\obj\stm32f0xx_usart.o
 .debug_ranges  0x00000608       0x40 ..\obj\amiv_i2c.o
 .debug_ranges  0x00000648       0x78 ..\obj\amiv_button.o
 .debug_ranges  0x000006c0       0xf0 ..\obj\stm32f0xx_flash.o
 .debug_ranges  0x000007b0       0x48 ..\obj\stm32f0xx_exti.o
 .debug_ranges  0x000007f8       0x48 ..\obj\stm32f0xx_syscfg.o
 .debug_ranges  0x00000840       0x38 ..\obj\amiv_util.o
 .debug_ranges  0x00000878       0x30 ..\obj\amiv_config.o
 .debug_ranges  0x000008a8       0x20 ..\obj\stm32f0xx_misc.o

.debug_line     0x00000000     0x3853
 .debug_line    0x00000000      0x1e1 ..\obj\amiv_uart.o
 .debug_line    0x000001e1      0x205 ..\obj\amiv_main.o
 .debug_line    0x000003e6      0x4d7 ..\obj\stm32f0xx_rcc.o
 .debug_line    0x000008bd      0x2bb ..\obj\amiv_cmd.o
 .debug_line    0x00000b78       0x9b ..\obj\startup_stm32f0xx.o
 .debug_line    0x00000c13      0x264 ..\obj\amiv_flash.o
 .debug_line    0x00000e77      0x4fc ..\obj\stm32f0xx_i2c.o
 .debug_line    0x00001373      0x1a9 ..\obj\system_stm32f0xx_temp.o
 .debug_line    0x0000151c      0x261 ..\obj\amiv_irq.o
 .debug_line    0x0000177d      0x2ae ..\obj\stm32f0xx_gpio.o
 .debug_line    0x00001a2b      0x171 ..\obj\amiv_ad9984a.o
 .debug_line    0x00001b9c      0x1d9 ..\obj\amiv_adv7511.o
 .debug_line    0x00001d75      0x599 ..\obj\stm32f0xx_usart.o
 .debug_line    0x0000230e      0x25e ..\obj\amiv_i2c.o
 .debug_line    0x0000256c      0x4cf ..\obj\amiv_button.o
 .debug_line    0x00002a3b      0x444 ..\obj\stm32f0xx_flash.o
 .debug_line    0x00002e7f      0x229 ..\obj\stm32f0xx_exti.o
 .debug_line    0x000030a8      0x1ed ..\obj\stm32f0xx_syscfg.o
 .debug_line    0x00003295      0x1f0 ..\obj\amiv_util.o
 .debug_line    0x00003485      0x1e6 ..\obj\amiv_config.o
 .debug_line    0x0000366b      0x1e8 ..\obj\stm32f0xx_misc.o

.debug_str      0x00000000     0x29ee
 .debug_str     0x00000000      0x29d ..\obj\amiv_uart.o
                                0x2ff (size before relaxing)
 .debug_str     0x0000029d      0x24a ..\obj\amiv_main.o
                                0x3d8 (size before relaxing)
 .debug_str     0x000004e7      0x57f ..\obj\stm32f0xx_rcc.o
                                0x71c (size before relaxing)
 .debug_str     0x00000a66       0xc9 ..\obj\amiv_cmd.o
                                0x301 (size before relaxing)
 .debug_str     0x00000b2f      0x17c ..\obj\amiv_flash.o
                                0x2f0 (size before relaxing)
 .debug_str     0x00000cab      0x474 ..\obj\stm32f0xx_i2c.o
                                0x620 (size before relaxing)
 .debug_str     0x0000111f       0x9a ..\obj\system_stm32f0xx_temp.o
                                0x282 (size before relaxing)
 .debug_str     0x000011b9      0x4a7 ..\obj\amiv_irq.o
                                0x725 (size before relaxing)
 .debug_str     0x00001660      0x175 ..\obj\stm32f0xx_gpio.o
                                0x472 (size before relaxing)
 .debug_str     0x000017d5       0x41 ..\obj\amiv_ad9984a.o
                                0x218 (size before relaxing)
 .debug_str     0x00001816       0xd1 ..\obj\amiv_adv7511.o
                                0x2eb (size before relaxing)
 .debug_str     0x000018e7      0x652 ..\obj\stm32f0xx_usart.o
                                0x939 (size before relaxing)
 .debug_str     0x00001f39       0xe2 ..\obj\amiv_i2c.o
                                0x385 (size before relaxing)
 .debug_str     0x0000201b      0x24e ..\obj\amiv_button.o
                                0x67a (size before relaxing)
 .debug_str     0x00002269      0x327 ..\obj\stm32f0xx_flash.o
                                0x55e (size before relaxing)
 .debug_str     0x00002590       0xe8 ..\obj\stm32f0xx_exti.o
                                0x315 (size before relaxing)
 .debug_str     0x00002678      0x180 ..\obj\stm32f0xx_syscfg.o
                                0x301 (size before relaxing)
 .debug_str     0x000027f8       0x9b ..\obj\amiv_util.o
                                0x1f9 (size before relaxing)
 .debug_str     0x00002893       0x74 ..\obj\amiv_config.o
                                0x387 (size before relaxing)
 .debug_str     0x00002907       0xe7 ..\obj\stm32f0xx_misc.o
                                0x2dc (size before relaxing)

.comment        0x00000000       0x70
 .comment       0x00000000       0x70 ..\obj\amiv_uart.o
                                 0x71 (size before relaxing)
 .comment       0x00000000       0x71 ..\obj\amiv_main.o
 .comment       0x00000000       0x71 ..\obj\stm32f0xx_rcc.o
 .comment       0x00000000       0x71 ..\obj\amiv_cmd.o
 .comment       0x00000000       0x71 ..\obj\amiv_flash.o
 .comment       0x00000000       0x71 ..\obj\stm32f0xx_i2c.o
 .comment       0x00000000       0x71 ..\obj\system_stm32f0xx_temp.o
 .comment       0x00000000       0x71 ..\obj\amiv_irq.o
 .comment       0x00000000       0x71 ..\obj\stm32f0xx_gpio.o
 .comment       0x00000000       0x71 ..\obj\amiv_ad9984a.o
 .comment       0x00000000       0x71 ..\obj\amiv_adv7511.o
 .comment       0x00000000       0x71 ..\obj\stm32f0xx_usart.o
 .comment       0x00000000       0x71 ..\obj\amiv_i2c.o
 .comment       0x00000000       0x71 ..\obj\amiv_button.o
 .comment       0x00000000       0x71 ..\obj\stm32f0xx_flash.o
 .comment       0x00000000       0x71 ..\obj\stm32f0xx_exti.o
 .comment       0x00000000       0x71 ..\obj\stm32f0xx_syscfg.o
 .comment       0x00000000       0x71 ..\obj\amiv_util.o
 .comment       0x00000000       0x71 ..\obj\amiv_config.o
 .comment       0x00000000       0x71 ..\obj\stm32f0xx_misc.o

.ARM.attributes
                0x00000000       0x2f
 .ARM.attributes
                0x00000000       0x31 ..\obj\amiv_uart.o
 .ARM.attributes
                0x00000031       0x31 ..\obj\amiv_main.o
 .ARM.attributes
                0x00000062       0x31 ..\obj\stm32f0xx_rcc.o
 .ARM.attributes
                0x00000093       0x31 ..\obj\amiv_cmd.o
 .ARM.attributes
                0x000000c4       0x21 ..\obj\startup_stm32f0xx.o
 .ARM.attributes
                0x000000e5       0x31 ..\obj\amiv_flash.o
 .ARM.attributes
                0x00000116       0x31 ..\obj\stm32f0xx_i2c.o
 .ARM.attributes
                0x00000147       0x31 ..\obj\system_stm32f0xx_temp.o
 .ARM.attributes
                0x00000178       0x31 ..\obj\amiv_irq.o
 .ARM.attributes
                0x000001a9       0x31 ..\obj\stm32f0xx_gpio.o
 .ARM.attributes
                0x000001da       0x31 ..\obj\amiv_ad9984a.o
 .ARM.attributes
                0x0000020b       0x31 ..\obj\amiv_adv7511.o
 .ARM.attributes
                0x0000023c       0x31 ..\obj\stm32f0xx_usart.o
 .ARM.attributes
                0x0000026d       0x31 ..\obj\amiv_i2c.o
 .ARM.attributes
                0x0000029e       0x31 ..\obj\amiv_button.o
 .ARM.attributes
                0x000002cf       0x31 ..\obj\stm32f0xx_flash.o
 .ARM.attributes
                0x00000300       0x31 ..\obj\stm32f0xx_exti.o
 .ARM.attributes
                0x00000331       0x31 ..\obj\stm32f0xx_syscfg.o
 .ARM.attributes
                0x00000362       0x31 ..\obj\amiv_util.o
 .ARM.attributes
                0x00000393       0x31 ..\obj\amiv_config.o
 .ARM.attributes
                0x000003c4       0x31 ..\obj\stm32f0xx_misc.o
 .ARM.attributes
                0x000003f5       0x1e c:/program files (x86)/gnu tools arm embedded/4.8 2014q3/bin/../lib/gcc/arm-none-eabi/4.8.4/armv6-m\libgcc.a(_udivsi3.o)
 .ARM.attributes
                0x00000413       0x1e c:/program files (x86)/gnu tools arm embedded/4.8 2014q3/bin/../lib/gcc/arm-none-eabi/4.8.4/armv6-m\libgcc.a(_divsi3.o)
 .ARM.attributes
                0x00000431       0x1e c:/program files (x86)/gnu tools arm embedded/4.8 2014q3/bin/../lib/gcc/arm-none-eabi/4.8.4/armv6-m\libgcc.a(_dvmd_tls.o)
 .ARM.attributes
                0x0000044f       0x2c c:/program files (x86)/gnu tools arm embedded/4.8 2014q3/bin/../lib/gcc/arm-none-eabi/4.8.4/../../../../arm-none-eabi/lib/armv6-m\libg.a(lib_a-memcpy-stub.o)

.debug_frame    0x00000000     0x215c
 .debug_frame   0x00000000       0xa8 ..\obj\amiv_uart.o
 .debug_frame   0x000000a8       0x30 ..\obj\amiv_main.o
 .debug_frame   0x000000d8      0x4e4 ..\obj\stm32f0xx_rcc.o
 .debug_frame   0x000005bc       0x6c ..\obj\amiv_cmd.o
 .debug_frame   0x00000628      0x168 ..\obj\amiv_flash.o
 .debug_frame   0x00000790      0x550 ..\obj\stm32f0xx_i2c.o
 .debug_frame   0x00000ce0       0x6c ..\obj\system_stm32f0xx_temp.o
 .debug_frame   0x00000d4c       0x90 ..\obj\amiv_irq.o
 .debug_frame   0x00000ddc      0x1b0 ..\obj\stm32f0xx_gpio.o
 .debug_frame   0x00000f8c       0x30 ..\obj\amiv_ad9984a.o
 .debug_frame   0x00000fbc       0xc4 ..\obj\amiv_adv7511.o
 .debug_frame   0x00001080      0x630 ..\obj\stm32f0xx_usart.o
 .debug_frame   0x000016b0       0xec ..\obj\amiv_i2c.o
 .debug_frame   0x0000179c      0x1b4 ..\obj\amiv_button.o
 .debug_frame   0x00001950      0x394 ..\obj\stm32f0xx_flash.o
 .debug_frame   0x00001ce4      0x10c ..\obj\stm32f0xx_exti.o
 .debug_frame   0x00001df0      0x110 ..\obj\stm32f0xx_syscfg.o
 .debug_frame   0x00001f00       0xd0 ..\obj\amiv_util.o
 .debug_frame   0x00001fd0       0xac ..\obj\amiv_config.o
 .debug_frame   0x0000207c       0x70 ..\obj\stm32f0xx_misc.o
 .debug_frame   0x000020ec       0x20 c:/program files (x86)/gnu tools arm embedded/4.8 2014q3/bin/../lib/gcc/arm-none-eabi/4.8.4/armv6-m\libgcc.a(_udivsi3.o)
 .debug_frame   0x0000210c       0x20 c:/program files (x86)/gnu tools arm embedded/4.8 2014q3/bin/../lib/gcc/arm-none-eabi/4.8.4/armv6-m\libgcc.a(_divsi3.o)
 .debug_frame   0x0000212c       0x30 c:/program files (x86)/gnu tools arm embedded/4.8 2014q3/bin/../lib/gcc/arm-none-eabi/4.8.4/../../../../arm-none-eabi/lib/armv6-m\libg.a(lib_a-memcpy-stub.o)
